#
# A fatal error has been detected by the Java Runtime Environment:
#
#  SIGSEGV (0xb) at pc=0x0000731a19629d50, pid=137, tid=176
#
# JRE version: OpenJDK Runtime Environment (11.0.26+4) (build 11.0.26+4-post-Debian-1deb11u1)
# Java VM: OpenJDK 64-Bit Server VM (11.0.26+4-post-Debian-1deb11u1, mixed mode, sharing, tiered, compressed oops, g1 gc, linux-amd64)
# Problematic frame:
# V  [libjvm.so+0x590d50]  ciObjectFactory::get_metadata(Metadata*)+0x50
#
# Core dump will be written. Default location: Core dumps may be processed with "/wsl-capture-crash %t %E %p %s" (or dumping to /opt/workspace/core.137)
#
# If you would like to submit a bug report, please visit:
#   https://bugs.debian.org/openjdk-11
#

---------------  S U M M A R Y ------------

Command Line: -Dspark.history.fs.logDirectory=/tmp/spark-events -Xmx1g org.apache.spark.deploy.history.HistoryServer

Host: Intel(R) Core(TM) i5-4670K CPU @ 3.40GHz, 4 cores, 15G, Debian GNU/Linux 11 (bullseye)
Time: Sat Aug 23 13:13:02 2025 CDT elapsed time: 3.927850 seconds (0d 0h 0m 3s)

---------------  T H R E A D  ---------------

Current thread (0x0000731a14166000):  JavaThread "C2 CompilerThread0" daemon [_thread_in_vm, id=176, stack(0x00007319eed2f000,0x00007319eee30000)]


Current CompileTask:
C2:   3929 1630   !   4       java.net.URL::<init> (543 bytes)

Stack: [0x00007319eed2f000,0x00007319eee30000],  sp=0x00007319eee2b880,  free space=1010k
Native frames: (J=compiled Java code, A=aot compiled Java code, j=interpreted, Vv=VM code, C=native code)
V  [libjvm.so+0x590d50]  ciObjectFactory::get_metadata(Metadata*)+0x50
V  [libjvm.so+0x5925e0]  ciObjectFactory::get(oopDesc*)+0x40
V  [libjvm.so+0x57572b]  ciInstance::field_value_impl(BasicType, int)+0x6b
V  [libjvm.so+0x57591a]  ciInstance::field_value(ciField*)+0xea
V  [libjvm.so+0x573ce9]  ciField::constant_value_of(ciObject*)+0x19
V  [libjvm.so+0xe3318d]  Type::make_constant_from_field(ciField*, ciInstance*, BasicType, bool)+0x3d
V  [libjvm.so+0xb3c53f]  LoadNode::Value(PhaseGVN*) const+0x64f
V  [libjvm.so+0xc2adf3]  PhaseCCP::analyze()+0x1b3
V  [libjvm.so+0x617e37]  Compile::Optimize()+0xb57
V  [libjvm.so+0x6198f4]  Compile::Compile(ciEnv*, C2Compiler*, ciMethod*, int, bool, bool, bool, bool, DirectiveSet*)+0xf94
V  [libjvm.so+0x540a7b]  C2Compiler::compile_method(ciEnv*, ciMethod*, int, DirectiveSet*)+0x15b
V  [libjvm.so+0x6229e2]  CompileBroker::invoke_compiler_on_method(CompileTask*)+0x482
V  [libjvm.so+0x623c98]  CompileBroker::compiler_thread_loop()+0x428
V  [libjvm.so+0xe11e98]  JavaThread::thread_main_inner()+0x218
V  [libjvm.so+0xe0d73c]  Thread::call_run()+0x13c
V  [libjvm.so+0xbd3d36]  thread_native_entry(Thread*)+0xe6


siginfo: si_signo: 11 (SIGSEGV), si_code: 128 (SI_KERNEL), si_addr: 0x0000000000000000

Register to memory mapping:

RAX=0x00000000000000cd is an unknown value
RBX=0x0000000000000089 is an unknown value
RCX=0x00407319c4002c30 is an unknown value
RDX=0x0000000000000111 is an unknown value
RSP=0x00007319eee2b880 is pointing into the stack for thread: 0x0000731a14166000
RBP=0x00007319eee2b8b0 is pointing into the stack for thread: 0x0000731a14166000
RSI=0x0000731a15a48670 points into unknown readable memory: 0x00c07319c4005800 | 00 58 00 c4 19 73 c0 00
RDI=0x00007319c800ade0 points into unknown readable memory: 0x00007319eee2eb78 | 78 eb e2 ee 19 73 00 00
R8 =0x00007319c4019d48 points into unknown readable memory: 0x0000731a1a1fe360 | 60 e3 1f 1a 1a 73 00 00
R9 =0x0000731a158df9d0 points into unknown readable memory: 0x0000000400000002 | 02 00 00 00 04 00 00 00
R10=0x0 is NULL
R11=0x000000007fffffff is an unknown value
R12=0x00000008003cd468 is pointing into metadata
R13=0x0000731a15a04af0 points into unknown readable memory: 0x0000731a1a1f17b0 | b0 17 1f 1a 1a 73 00 00
R14=0x00007319c800ade0 points into unknown readable memory: 0x00007319eee2eb78 | 78 eb e2 ee 19 73 00 00
R15=0x0000000000000112 is an unknown value


Registers:
RAX=0x00000000000000cd, RBX=0x0000000000000089, RCX=0x00407319c4002c30, RDX=0x0000000000000111
RSP=0x00007319eee2b880, RBP=0x00007319eee2b8b0, RSI=0x0000731a15a48670, RDI=0x00007319c800ade0
R8 =0x00007319c4019d48, R9 =0x0000731a158df9d0, R10=0x0000000000000000, R11=0x000000007fffffff
R12=0x00000008003cd468, R13=0x0000731a15a04af0, R14=0x00007319c800ade0, R15=0x0000000000000112
RIP=0x0000731a19629d50, EFLAGS=0x0000000000010202, CSGSFS=0x002b000000000033, ERR=0x0000000000000000
  TRAPNO=0x000000000000000d

Top of Stack: (sp=0x00007319eee2b880)
0x00007319eee2b880:   00007319eee2b890 000000000000000d
0x00007319eee2b890:   00000000fff53170 0000731a15a04af0
0x00007319eee2b8a0:   00007319c800ade0 0000731a14166000
0x00007319eee2b8b0:   00007319eee2b8f0 0000731a1962b5e0 

Instructions: (pc=0x0000731a19629d50)
0x0000731a19629c50:   e8 cb 6f ff ff 48 8d 7d d0 e8 52 0a 26 00 48 83
0x0000731a19629c60:   c4 10 4c 89 e8 5b 41 5c 41 5d 41 5e 5d c3 66 90
0x0000731a19629c70:   49 8b 75 00 bf 40 00 00 00 e8 c2 6a e7 ff 49 89
0x0000731a19629c80:   c5 48 85 c0 0f 84 97 fe ff ff 4c 89 e6 48 89 c7
0x0000731a19629c90:   e8 8b ca ff ff e9 87 fe ff ff 66 0f 1f 44 00 00
0x0000731a19629ca0:   48 8d 05 e1 7e c8 00 be 93 01 00 00 48 8d 3d 2d
0x0000731a19629cb0:   13 98 00 45 31 ed 48 8b 00 c6 00 58 e8 2f 33 0e
0x0000731a19629cc0:   00 e8 aa b5 63 00 48 83 c4 10 4c 89 e8 5b 41 5c
0x0000731a19629cd0:   41 5d 41 5e 5d c3 66 2e 0f 1f 84 00 00 00 00 00
0x0000731a19629ce0:   4c 89 f7 e8 e8 f3 e7 ff 49 63 36 e9 85 fe ff ff
0x0000731a19629cf0:   48 89 df e8 d8 f3 e7 ff 48 63 33 e9 27 ff ff ff
0x0000731a19629d00:   55 48 89 e5 41 57 41 56 49 89 fe 41 55 41 54 49
0x0000731a19629d10:   89 f4 53 48 83 ec 08 48 8b 47 08 44 8b 38 44 89
0x0000731a19629d20:   fa 83 ea 01 0f 88 22 01 00 00 48 8b 70 18 31 db
0x0000731a19629d30:   eb 13 66 0f 1f 44 00 00 0f 83 b2 00 00 00 8d 58
0x0000731a19629d40:   01 39 d3 7f 18 8d 04 1a d1 e8 89 c1 48 8b 0c ce
0x0000731a19629d50:   4c 39 61 10 76 e2 8d 50 ff 39 d3 7e e8 4c 89 f7
0x0000731a19629d60:   4c 89 e6 e8 08 fd ff ff 41 8b 76 38 49 89 c5 8d
0x0000731a19629d70:   46 01 4c 89 ef 41 89 46 38 e8 d2 b1 fd ff 4d 8b
0x0000731a19629d80:   76 08 49 63 36 45 8b 4e 04 44 39 fe 75 7a 4c 63
0x0000731a19629d90:   e3 49 c1 e4 03 44 39 ce 0f 84 c3 00 00 00 8d 56
0x0000731a19629da0:   ff 39 da 7c 34 48 63 c2 29 da 48 29 d6 48 c1 e0
0x0000731a19629db0:   03 48 8d 34 f5 f0 ff ff ff 0f 1f 80 00 00 00 00
0x0000731a19629dc0:   49 8b 56 18 48 8b 0c 02 48 89 4c 02 08 48 83 e8
0x0000731a19629dd0:   08 48 39 c6 75 ea 41 8b 36 49 8b 46 18 83 c6 01
0x0000731a19629de0:   41 89 36 4e 89 2c 20 eb 0d 0f 1f 80 00 00 00 00
0x0000731a19629df0:   48 98 4c 8b 2c c6 48 83 c4 08 4c 89 e8 5b 41 5c
0x0000731a19629e00:   41 5d 41 5e 41 5f 5d c3 89 f2 83 ea 01 78 44 4d
0x0000731a19629e10:   8b 46 18 31 c9 eb 16 66 0f 1f 84 00 00 00 00 00
0x0000731a19629e20:   0f 83 68 ff ff ff 8d 48 01 39 d1 7f 18 8d 04 0a
0x0000731a19629e30:   d1 e8 89 c7 89 c3 49 8b 3c f8 4c 39 67 10 76 e0
0x0000731a19629e40:   8d 50 ff eb e4 89 cb e9 42 ff ff ff 31 db e9 0a 


Stack slot to memory mapping:
stack at sp + 0 slots: 0x00007319eee2b890 is pointing into the stack for thread: 0x0000731a14166000
stack at sp + 1 slots: 0x000000000000000d is an unknown value
stack at sp + 2 slots: 0x00000000fff53170 points into unknown readable memory: 0x0000004761deaa01 | 01 aa de 61 47 00 00 00
stack at sp + 3 slots: 0x0000731a15a04af0 points into unknown readable memory: 0x0000731a1a1f17b0 | b0 17 1f 1a 1a 73 00 00
stack at sp + 4 slots: 0x00007319c800ade0 points into unknown readable memory: 0x00007319eee2eb78 | 78 eb e2 ee 19 73 00 00
stack at sp + 5 slots: 0x0000731a14166000 is a thread
stack at sp + 6 slots: 0x00007319eee2b8f0 is pointing into the stack for thread: 0x0000731a14166000
stack at sp + 7 slots: 0x0000731a1962b5e0: <offset 0x00000000005925e0> in /usr/lib/jvm/java-11-openjdk-amd64/lib/server/libjvm.so at 0x0000731a19099000


---------------  P R O C E S S  ---------------

Threads class SMR info:
_java_thread_list=0x00007319c82e2e20, length=10, elements={
0x0000731a14019000, 0x0000731a14158800, 0x0000731a1415b000, 0x0000731a14161800,
0x0000731a14163800, 0x0000731a14166000, 0x0000731a14168000, 0x0000731a1416a000,
0x0000731a141a1000, 0x00007319c82e2000
}

Java Threads: ( => current thread )
  0x0000731a14019000 JavaThread "main" [_thread_blocked, id=165, stack(0x0000731a18c6d000,0x0000731a18d6e000)]
  0x0000731a14158800 JavaThread "Reference Handler" daemon [_thread_blocked, id=172, stack(0x00007319ef2fb000,0x00007319ef3fc000)]
  0x0000731a1415b000 JavaThread "Finalizer" daemon [_thread_blocked, id=173, stack(0x00007319ef1fa000,0x00007319ef2fb000)]
  0x0000731a14161800 JavaThread "Signal Dispatcher" daemon [_thread_blocked, id=174, stack(0x00007319eef31000,0x00007319ef032000)]
  0x0000731a14163800 JavaThread "Service Thread" daemon [_thread_blocked, id=175, stack(0x00007319eee30000,0x00007319eef31000)]
=>0x0000731a14166000 JavaThread "C2 CompilerThread0" daemon [_thread_in_vm, id=176, stack(0x00007319eed2f000,0x00007319eee30000)]
  0x0000731a14168000 JavaThread "C1 CompilerThread0" daemon [_thread_blocked, id=177, stack(0x00007319eec2e000,0x00007319eed2f000)]
  0x0000731a1416a000 JavaThread "Sweeper thread" daemon [_thread_blocked, id=178, stack(0x00007319eeb2d000,0x00007319eec2e000)]
  0x0000731a141a1000 JavaThread "Common-Cleaner" daemon [_thread_blocked, id=180, stack(0x00007319ee92b000,0x00007319eea2c000)]
  0x00007319c82e2000 JavaThread "C2 CompilerThread1" daemon [_thread_blocked, id=202, stack(0x00007319ee4f6000,0x00007319ee5f7000)]

Other Threads:
  0x0000731a14156000 VMThread "VM Thread" [stack: 0x00007319ef3fd000,0x00007319ef4fd000] [id=171]
  0x0000731a1419b000 WatcherThread [stack: 0x00007319eea2d000,0x00007319eeb2d000] [id=179]
  0x0000731a14030800 GCTaskThread "GC Thread#0" [stack: 0x0000731a18919000,0x0000731a18a19000] [id=166]
  0x00007319e0001000 GCTaskThread "GC Thread#1" [stack: 0x00007319ee7fa000,0x00007319ee8fa000] [id=185]
  0x00007319e0002000 GCTaskThread "GC Thread#2" [stack: 0x00007319ee6f9000,0x00007319ee7f9000] [id=186]
  0x00007319e0003800 GCTaskThread "GC Thread#3" [stack: 0x00007319ee5f8000,0x00007319ee6f8000] [id=187]
  0x0000731a1404c800 ConcurrentGCThread "G1 Main Marker" [stack: 0x00007319fc4c5000,0x00007319fc5c5000] [id=167]
  0x0000731a1404e800 ConcurrentGCThread "G1 Conc#0" [stack: 0x00007319fc3c4000,0x00007319fc4c4000] [id=168]
  0x0000731a14127000 ConcurrentGCThread "G1 Refine#0" [stack: 0x00007319efdff000,0x00007319efeff000] [id=169]
  0x0000731a14129000 ConcurrentGCThread "G1 Young RemSet Sampling" [stack: 0x00007319efcfe000,0x00007319efdfe000] [id=170]

Threads with active compile tasks:
C2 CompilerThread0     4361 1630   !   4       java.net.URL::<init> (543 bytes)
C2 CompilerThread1     4367 1645       4       java.util.HashMap::resize (356 bytes)

VM state:synchronizing (normal execution)

VM Mutex/Monitor currently owned by a thread:  ([mutex/lock_event])
[0x0000731a14015e30] Threads_lock - owner thread: 0x0000731a14156000
[0x0000731a14016bb0] Compile_lock - owner thread: 0x0000731a14019000

Heap address: 0x00000000c0000000, size: 1024 MB, Compressed Oops mode: 32-bit
Narrow klass base: 0x0000000800000000, Narrow klass shift: 3
Compressed class space size: 1073741824 Address: 0x0000000840000000

Heap:
 garbage-first heap   total 258048K, used 51138K [0x00000000c0000000, 0x0000000100000000)
  region size 1024K, 31 young (31744K), 4 survivors (4096K)
 Metaspace       used 16653K, capacity 17156K, committed 17408K, reserved 1064960K
  class space    used 2467K, capacity 2728K, committed 2816K, reserved 1048576K
Heap Regions: E=young(eden), S=young(survivor), O=old, HS=humongous(starts), HC=humongous(continues), CS=collection set, F=free, A=archive, TAMS=top-at-mark-start (previous, next)
|   0|0x00000000c0000000, 0x00000000c0100000, 0x00000000c0100000|100%|HS|  |TAMS 0x00000000c0000000, 0x00000000c0000000| Complete 
|   1|0x00000000c0100000, 0x00000000c0200000, 0x00000000c0200000|100%|HS|  |TAMS 0x00000000c0100000, 0x00000000c0100000| Complete 
|   2|0x00000000c0200000, 0x00000000c0300000, 0x00000000c0300000|100%|HS|  |TAMS 0x00000000c0200000, 0x00000000c0200000| Complete 
|   3|0x00000000c0300000, 0x00000000c0400000, 0x00000000c0400000|100%|HC|  |TAMS 0x00000000c0300000, 0x00000000c0300000| Complete 
|   4|0x00000000c0400000, 0x00000000c0500000, 0x00000000c0500000|100%|HC|  |TAMS 0x00000000c0400000, 0x00000000c0400000| Complete 
|   5|0x00000000c0500000, 0x00000000c0600000, 0x00000000c0600000|100%|HS|  |TAMS 0x00000000c0500000, 0x00000000c0500000| Complete 
|   6|0x00000000c0600000, 0x00000000c0700000, 0x00000000c0700000|100%|HS|  |TAMS 0x00000000c0600000, 0x00000000c0600000| Complete 
|   7|0x00000000c0700000, 0x00000000c0800000, 0x00000000c0800000|100%|HC|  |TAMS 0x00000000c0700000, 0x00000000c0700000| Complete 
|   8|0x00000000c0800000, 0x00000000c0900000, 0x00000000c0900000|100%|HS|  |TAMS 0x00000000c0800000, 0x00000000c0800000| Complete 
|   9|0x00000000c0900000, 0x00000000c0a00000, 0x00000000c0a00000|100%| O|  |TAMS 0x00000000c0900000, 0x00000000c0900000| Untracked 
|  10|0x00000000c0a00000, 0x00000000c0b00000, 0x00000000c0b00000|100%| O|  |TAMS 0x00000000c0a00000, 0x00000000c0a00000| Untracked 
|  11|0x00000000c0b00000, 0x00000000c0c00000, 0x00000000c0c00000|100%| O|  |TAMS 0x00000000c0b00000, 0x00000000c0b00000| Untracked 
|  12|0x00000000c0c00000, 0x00000000c0d00000, 0x00000000c0d00000|100%| O|  |TAMS 0x00000000c0c00000, 0x00000000c0c00000| Untracked 
|  13|0x00000000c0d00000, 0x00000000c0e00000, 0x00000000c0e00000|100%| O|  |TAMS 0x00000000c0d00000, 0x00000000c0d00000| Untracked 
|  14|0x00000000c0e00000, 0x00000000c0f00000, 0x00000000c0f00000|100%| O|  |TAMS 0x00000000c0e00000, 0x00000000c0e00000| Untracked 
|  15|0x00000000c0f00000, 0x00000000c1000000, 0x00000000c1000000|100%| O|  |TAMS 0x00000000c0f00000, 0x00000000c0f00000| Untracked 
|  16|0x00000000c1000000, 0x00000000c1100000, 0x00000000c1100000|100%| O|  |TAMS 0x00000000c1000000, 0x00000000c1000000| Untracked 
|  17|0x00000000c1100000, 0x00000000c1200000, 0x00000000c1200000|100%| O|  |TAMS 0x00000000c1100000, 0x00000000c1100000| Untracked 
|  18|0x00000000c1200000, 0x00000000c1300000, 0x00000000c1300000|100%| O|  |TAMS 0x00000000c1200000, 0x00000000c1200000| Untracked 
|  19|0x00000000c1300000, 0x00000000c1379800, 0x00000000c1400000| 47%| O|  |TAMS 0x00000000c1300000, 0x00000000c1300000| Untracked 
|  20|0x00000000c1400000, 0x00000000c1400000, 0x00000000c1500000|  0%| F|  |TAMS 0x00000000c1400000, 0x00000000c1400000| Untracked 
|  21|0x00000000c1500000, 0x00000000c1500000, 0x00000000c1600000|  0%| F|  |TAMS 0x00000000c1500000, 0x00000000c1500000| Untracked 
|  22|0x00000000c1600000, 0x00000000c1600000, 0x00000000c1700000|  0%| F|  |TAMS 0x00000000c1600000, 0x00000000c1600000| Untracked 
|  23|0x00000000c1700000, 0x00000000c1700000, 0x00000000c1800000|  0%| F|  |TAMS 0x00000000c1700000, 0x00000000c1700000| Untracked 
|  24|0x00000000c1800000, 0x00000000c1800000, 0x00000000c1900000|  0%| F|  |TAMS 0x00000000c1800000, 0x00000000c1800000| Untracked 
|  25|0x00000000c1900000, 0x00000000c1900000, 0x00000000c1a00000|  0%| F|  |TAMS 0x00000000c1900000, 0x00000000c1900000| Untracked 
|  26|0x00000000c1a00000, 0x00000000c1a00000, 0x00000000c1b00000|  0%| F|  |TAMS 0x00000000c1a00000, 0x00000000c1a00000| Untracked 
|  27|0x00000000c1b00000, 0x00000000c1b00000, 0x00000000c1c00000|  0%| F|  |TAMS 0x00000000c1b00000, 0x00000000c1b00000| Untracked 
|  28|0x00000000c1c00000, 0x00000000c1c00000, 0x00000000c1d00000|  0%| F|  |TAMS 0x00000000c1c00000, 0x00000000c1c00000| Untracked 
|  29|0x00000000c1d00000, 0x00000000c1d00000, 0x00000000c1e00000|  0%| F|  |TAMS 0x00000000c1d00000, 0x00000000c1d00000| Untracked 
|  30|0x00000000c1e00000, 0x00000000c1e00000, 0x00000000c1f00000|  0%| F|  |TAMS 0x00000000c1e00000, 0x00000000c1e00000| Untracked 
|  31|0x00000000c1f00000, 0x00000000c1f00000, 0x00000000c2000000|  0%| F|  |TAMS 0x00000000c1f00000, 0x00000000c1f00000| Untracked 
|  32|0x00000000c2000000, 0x00000000c2000000, 0x00000000c2100000|  0%| F|  |TAMS 0x00000000c2000000, 0x00000000c2000000| Untracked 
|  33|0x00000000c2100000, 0x00000000c2100000, 0x00000000c2200000|  0%| F|  |TAMS 0x00000000c2100000, 0x00000000c2100000| Untracked 
|  34|0x00000000c2200000, 0x00000000c2200000, 0x00000000c2300000|  0%| F|  |TAMS 0x00000000c2200000, 0x00000000c2200000| Untracked 
|  35|0x00000000c2300000, 0x00000000c2300000, 0x00000000c2400000|  0%| F|  |TAMS 0x00000000c2300000, 0x00000000c2300000| Untracked 
|  36|0x00000000c2400000, 0x00000000c2400000, 0x00000000c2500000|  0%| F|  |TAMS 0x00000000c2400000, 0x00000000c2400000| Untracked 
|  37|0x00000000c2500000, 0x00000000c2500000, 0x00000000c2600000|  0%| F|  |TAMS 0x00000000c2500000, 0x00000000c2500000| Untracked 
|  38|0x00000000c2600000, 0x00000000c2600000, 0x00000000c2700000|  0%| F|  |TAMS 0x00000000c2600000, 0x00000000c2600000| Untracked 
|  39|0x00000000c2700000, 0x00000000c2700000, 0x00000000c2800000|  0%| F|  |TAMS 0x00000000c2700000, 0x00000000c2700000| Untracked 
|  40|0x00000000c2800000, 0x00000000c2800000, 0x00000000c2900000|  0%| F|  |TAMS 0x00000000c2800000, 0x00000000c2800000| Untracked 
|  41|0x00000000c2900000, 0x00000000c2900000, 0x00000000c2a00000|  0%| F|  |TAMS 0x00000000c2900000, 0x00000000c2900000| Untracked 
|  42|0x00000000c2a00000, 0x00000000c2a00000, 0x00000000c2b00000|  0%| F|  |TAMS 0x00000000c2a00000, 0x00000000c2a00000| Untracked 
|  43|0x00000000c2b00000, 0x00000000c2b00000, 0x00000000c2c00000|  0%| F|  |TAMS 0x00000000c2b00000, 0x00000000c2b00000| Untracked 
|  44|0x00000000c2c00000, 0x00000000c2c00000, 0x00000000c2d00000|  0%| F|  |TAMS 0x00000000c2c00000, 0x00000000c2c00000| Untracked 
|  45|0x00000000c2d00000, 0x00000000c2d00000, 0x00000000c2e00000|  0%| F|  |TAMS 0x00000000c2d00000, 0x00000000c2d00000| Untracked 
|  46|0x00000000c2e00000, 0x00000000c2e00000, 0x00000000c2f00000|  0%| F|  |TAMS 0x00000000c2e00000, 0x00000000c2e00000| Untracked 
|  47|0x00000000c2f00000, 0x00000000c2f00000, 0x00000000c3000000|  0%| F|  |TAMS 0x00000000c2f00000, 0x00000000c2f00000| Untracked 
|  48|0x00000000c3000000, 0x00000000c3000000, 0x00000000c3100000|  0%| F|  |TAMS 0x00000000c3000000, 0x00000000c3000000| Untracked 
|  49|0x00000000c3100000, 0x00000000c3100000, 0x00000000c3200000|  0%| F|  |TAMS 0x00000000c3100000, 0x00000000c3100000| Untracked 
|  50|0x00000000c3200000, 0x00000000c3200000, 0x00000000c3300000|  0%| F|  |TAMS 0x00000000c3200000, 0x00000000c3200000| Untracked 
|  51|0x00000000c3300000, 0x00000000c3300000, 0x00000000c3400000|  0%| F|  |TAMS 0x00000000c3300000, 0x00000000c3300000| Untracked 
|  52|0x00000000c3400000, 0x00000000c3400000, 0x00000000c3500000|  0%| F|  |TAMS 0x00000000c3400000, 0x00000000c3400000| Untracked 
|  53|0x00000000c3500000, 0x00000000c3500000, 0x00000000c3600000|  0%| F|  |TAMS 0x00000000c3500000, 0x00000000c3500000| Untracked 
|  54|0x00000000c3600000, 0x00000000c3600000, 0x00000000c3700000|  0%| F|  |TAMS 0x00000000c3600000, 0x00000000c3600000| Untracked 
|  55|0x00000000c3700000, 0x00000000c3700000, 0x00000000c3800000|  0%| F|  |TAMS 0x00000000c3700000, 0x00000000c3700000| Untracked 
|  56|0x00000000c3800000, 0x00000000c3800000, 0x00000000c3900000|  0%| F|  |TAMS 0x00000000c3800000, 0x00000000c3800000| Untracked 
|  57|0x00000000c3900000, 0x00000000c3900000, 0x00000000c3a00000|  0%| F|  |TAMS 0x00000000c3900000, 0x00000000c3900000| Untracked 
|  58|0x00000000c3a00000, 0x00000000c3a00000, 0x00000000c3b00000|  0%| F|  |TAMS 0x00000000c3a00000, 0x00000000c3a00000| Untracked 
|  59|0x00000000c3b00000, 0x00000000c3b00000, 0x00000000c3c00000|  0%| F|  |TAMS 0x00000000c3b00000, 0x00000000c3b00000| Untracked 
|  60|0x00000000c3c00000, 0x00000000c3c00000, 0x00000000c3d00000|  0%| F|  |TAMS 0x00000000c3c00000, 0x00000000c3c00000| Untracked 
|  61|0x00000000c3d00000, 0x00000000c3d00000, 0x00000000c3e00000|  0%| F|  |TAMS 0x00000000c3d00000, 0x00000000c3d00000| Untracked 
|  62|0x00000000c3e00000, 0x00000000c3e00000, 0x00000000c3f00000|  0%| F|  |TAMS 0x00000000c3e00000, 0x00000000c3e00000| Untracked 
|  63|0x00000000c3f00000, 0x00000000c3f00000, 0x00000000c4000000|  0%| F|  |TAMS 0x00000000c3f00000, 0x00000000c3f00000| Untracked 
|  64|0x00000000c4000000, 0x00000000c4000000, 0x00000000c4100000|  0%| F|  |TAMS 0x00000000c4000000, 0x00000000c4000000| Untracked 
|  65|0x00000000c4100000, 0x00000000c4100000, 0x00000000c4200000|  0%| F|  |TAMS 0x00000000c4100000, 0x00000000c4100000| Untracked 
|  66|0x00000000c4200000, 0x00000000c4200000, 0x00000000c4300000|  0%| F|  |TAMS 0x00000000c4200000, 0x00000000c4200000| Untracked 
|  67|0x00000000c4300000, 0x00000000c4300000, 0x00000000c4400000|  0%| F|  |TAMS 0x00000000c4300000, 0x00000000c4300000| Untracked 
|  68|0x00000000c4400000, 0x00000000c4400000, 0x00000000c4500000|  0%| F|  |TAMS 0x00000000c4400000, 0x00000000c4400000| Untracked 
|  69|0x00000000c4500000, 0x00000000c4500000, 0x00000000c4600000|  0%| F|  |TAMS 0x00000000c4500000, 0x00000000c4500000| Untracked 
|  70|0x00000000c4600000, 0x00000000c4600000, 0x00000000c4700000|  0%| F|  |TAMS 0x00000000c4600000, 0x00000000c4600000| Untracked 
|  71|0x00000000c4700000, 0x00000000c4700000, 0x00000000c4800000|  0%| F|  |TAMS 0x00000000c4700000, 0x00000000c4700000| Untracked 
|  72|0x00000000c4800000, 0x00000000c4800000, 0x00000000c4900000|  0%| F|  |TAMS 0x00000000c4800000, 0x00000000c4800000| Untracked 
|  73|0x00000000c4900000, 0x00000000c4900000, 0x00000000c4a00000|  0%| F|  |TAMS 0x00000000c4900000, 0x00000000c4900000| Untracked 
|  74|0x00000000c4a00000, 0x00000000c4a00000, 0x00000000c4b00000|  0%| F|  |TAMS 0x00000000c4a00000, 0x00000000c4a00000| Untracked 
|  75|0x00000000c4b00000, 0x00000000c4b00000, 0x00000000c4c00000|  0%| F|  |TAMS 0x00000000c4b00000, 0x00000000c4b00000| Untracked 
|  76|0x00000000c4c00000, 0x00000000c4c00000, 0x00000000c4d00000|  0%| F|  |TAMS 0x00000000c4c00000, 0x00000000c4c00000| Untracked 
|  77|0x00000000c4d00000, 0x00000000c4d00000, 0x00000000c4e00000|  0%| F|  |TAMS 0x00000000c4d00000, 0x00000000c4d00000| Untracked 
|  78|0x00000000c4e00000, 0x00000000c4e00000, 0x00000000c4f00000|  0%| F|  |TAMS 0x00000000c4e00000, 0x00000000c4e00000| Untracked 
|  79|0x00000000c4f00000, 0x00000000c4f00000, 0x00000000c5000000|  0%| F|  |TAMS 0x00000000c4f00000, 0x00000000c4f00000| Untracked 
|  80|0x00000000c5000000, 0x00000000c5000000, 0x00000000c5100000|  0%| F|  |TAMS 0x00000000c5000000, 0x00000000c5000000| Untracked 
|  81|0x00000000c5100000, 0x00000000c5100000, 0x00000000c5200000|  0%| F|  |TAMS 0x00000000c5100000, 0x00000000c5100000| Untracked 
|  82|0x00000000c5200000, 0x00000000c5200000, 0x00000000c5300000|  0%| F|  |TAMS 0x00000000c5200000, 0x00000000c5200000| Untracked 
|  83|0x00000000c5300000, 0x00000000c5300000, 0x00000000c5400000|  0%| F|  |TAMS 0x00000000c5300000, 0x00000000c5300000| Untracked 
|  84|0x00000000c5400000, 0x00000000c5400000, 0x00000000c5500000|  0%| F|  |TAMS 0x00000000c5400000, 0x00000000c5400000| Untracked 
|  85|0x00000000c5500000, 0x00000000c5500000, 0x00000000c5600000|  0%| F|  |TAMS 0x00000000c5500000, 0x00000000c5500000| Untracked 
|  86|0x00000000c5600000, 0x00000000c5600000, 0x00000000c5700000|  0%| F|  |TAMS 0x00000000c5600000, 0x00000000c5600000| Untracked 
|  87|0x00000000c5700000, 0x00000000c5700000, 0x00000000c5800000|  0%| F|  |TAMS 0x00000000c5700000, 0x00000000c5700000| Untracked 
|  88|0x00000000c5800000, 0x00000000c5800000, 0x00000000c5900000|  0%| F|  |TAMS 0x00000000c5800000, 0x00000000c5800000| Untracked 
|  89|0x00000000c5900000, 0x00000000c5900000, 0x00000000c5a00000|  0%| F|  |TAMS 0x00000000c5900000, 0x00000000c5900000| Untracked 
|  90|0x00000000c5a00000, 0x00000000c5a00000, 0x00000000c5b00000|  0%| F|  |TAMS 0x00000000c5a00000, 0x00000000c5a00000| Untracked 
|  91|0x00000000c5b00000, 0x00000000c5b00000, 0x00000000c5c00000|  0%| F|  |TAMS 0x00000000c5b00000, 0x00000000c5b00000| Untracked 
|  92|0x00000000c5c00000, 0x00000000c5c00000, 0x00000000c5d00000|  0%| F|  |TAMS 0x00000000c5c00000, 0x00000000c5c00000| Untracked 
|  93|0x00000000c5d00000, 0x00000000c5d00000, 0x00000000c5e00000|  0%| F|  |TAMS 0x00000000c5d00000, 0x00000000c5d00000| Untracked 
|  94|0x00000000c5e00000, 0x00000000c5e00000, 0x00000000c5f00000|  0%| F|  |TAMS 0x00000000c5e00000, 0x00000000c5e00000| Untracked 
|  95|0x00000000c5f00000, 0x00000000c5f00000, 0x00000000c6000000|  0%| F|  |TAMS 0x00000000c5f00000, 0x00000000c5f00000| Untracked 
|  96|0x00000000c6000000, 0x00000000c6000000, 0x00000000c6100000|  0%| F|  |TAMS 0x00000000c6000000, 0x00000000c6000000| Untracked 
|  97|0x00000000c6100000, 0x00000000c6100000, 0x00000000c6200000|  0%| F|  |TAMS 0x00000000c6100000, 0x00000000c6100000| Untracked 
|  98|0x00000000c6200000, 0x00000000c6200000, 0x00000000c6300000|  0%| F|  |TAMS 0x00000000c6200000, 0x00000000c6200000| Untracked 
|  99|0x00000000c6300000, 0x00000000c6300000, 0x00000000c6400000|  0%| F|  |TAMS 0x00000000c6300000, 0x00000000c6300000| Untracked 
| 100|0x00000000c6400000, 0x00000000c6400000, 0x00000000c6500000|  0%| F|  |TAMS 0x00000000c6400000, 0x00000000c6400000| Untracked 
| 101|0x00000000c6500000, 0x00000000c6500000, 0x00000000c6600000|  0%| F|  |TAMS 0x00000000c6500000, 0x00000000c6500000| Untracked 
| 102|0x00000000c6600000, 0x00000000c6600000, 0x00000000c6700000|  0%| F|  |TAMS 0x00000000c6600000, 0x00000000c6600000| Untracked 
| 103|0x00000000c6700000, 0x00000000c6700000, 0x00000000c6800000|  0%| F|  |TAMS 0x00000000c6700000, 0x00000000c6700000| Untracked 
| 104|0x00000000c6800000, 0x00000000c6800000, 0x00000000c6900000|  0%| F|  |TAMS 0x00000000c6800000, 0x00000000c6800000| Untracked 
| 105|0x00000000c6900000, 0x00000000c6900000, 0x00000000c6a00000|  0%| F|  |TAMS 0x00000000c6900000, 0x00000000c6900000| Untracked 
| 106|0x00000000c6a00000, 0x00000000c6a00000, 0x00000000c6b00000|  0%| F|  |TAMS 0x00000000c6a00000, 0x00000000c6a00000| Untracked 
| 107|0x00000000c6b00000, 0x00000000c6b00000, 0x00000000c6c00000|  0%| F|  |TAMS 0x00000000c6b00000, 0x00000000c6b00000| Untracked 
| 108|0x00000000c6c00000, 0x00000000c6c00000, 0x00000000c6d00000|  0%| F|  |TAMS 0x00000000c6c00000, 0x00000000c6c00000| Untracked 
| 109|0x00000000c6d00000, 0x00000000c6d00000, 0x00000000c6e00000|  0%| F|  |TAMS 0x00000000c6d00000, 0x00000000c6d00000| Untracked 
| 110|0x00000000c6e00000, 0x00000000c6e00000, 0x00000000c6f00000|  0%| F|  |TAMS 0x00000000c6e00000, 0x00000000c6e00000| Untracked 
| 111|0x00000000c6f00000, 0x00000000c6f00000, 0x00000000c7000000|  0%| F|  |TAMS 0x00000000c6f00000, 0x00000000c6f00000| Untracked 
| 112|0x00000000c7000000, 0x00000000c7000000, 0x00000000c7100000|  0%| F|  |TAMS 0x00000000c7000000, 0x00000000c7000000| Untracked 
| 113|0x00000000c7100000, 0x00000000c7100000, 0x00000000c7200000|  0%| F|  |TAMS 0x00000000c7100000, 0x00000000c7100000| Untracked 
| 114|0x00000000c7200000, 0x00000000c7200000, 0x00000000c7300000|  0%| F|  |TAMS 0x00000000c7200000, 0x00000000c7200000| Untracked 
| 115|0x00000000c7300000, 0x00000000c7300000, 0x00000000c7400000|  0%| F|  |TAMS 0x00000000c7300000, 0x00000000c7300000| Untracked 
| 116|0x00000000c7400000, 0x00000000c7400000, 0x00000000c7500000|  0%| F|  |TAMS 0x00000000c7400000, 0x00000000c7400000| Untracked 
| 117|0x00000000c7500000, 0x00000000c7500000, 0x00000000c7600000|  0%| F|  |TAMS 0x00000000c7500000, 0x00000000c7500000| Untracked 
| 118|0x00000000c7600000, 0x00000000c7600000, 0x00000000c7700000|  0%| F|  |TAMS 0x00000000c7600000, 0x00000000c7600000| Untracked 
| 119|0x00000000c7700000, 0x00000000c7700000, 0x00000000c7800000|  0%| F|  |TAMS 0x00000000c7700000, 0x00000000c7700000| Untracked 
| 120|0x00000000c7800000, 0x00000000c7800000, 0x00000000c7900000|  0%| F|  |TAMS 0x00000000c7800000, 0x00000000c7800000| Untracked 
| 121|0x00000000c7900000, 0x00000000c7900000, 0x00000000c7a00000|  0%| F|  |TAMS 0x00000000c7900000, 0x00000000c7900000| Untracked 
| 122|0x00000000c7a00000, 0x00000000c7a00000, 0x00000000c7b00000|  0%| F|  |TAMS 0x00000000c7a00000, 0x00000000c7a00000| Untracked 
| 123|0x00000000c7b00000, 0x00000000c7b00000, 0x00000000c7c00000|  0%| F|  |TAMS 0x00000000c7b00000, 0x00000000c7b00000| Untracked 
| 124|0x00000000c7c00000, 0x00000000c7c00000, 0x00000000c7d00000|  0%| F|  |TAMS 0x00000000c7c00000, 0x00000000c7c00000| Untracked 
| 125|0x00000000c7d00000, 0x00000000c7d00000, 0x00000000c7e00000|  0%| F|  |TAMS 0x00000000c7d00000, 0x00000000c7d00000| Untracked 
| 126|0x00000000c7e00000, 0x00000000c7e00000, 0x00000000c7f00000|  0%| F|  |TAMS 0x00000000c7e00000, 0x00000000c7e00000| Untracked 
| 127|0x00000000c7f00000, 0x00000000c7f00000, 0x00000000c8000000|  0%| F|  |TAMS 0x00000000c7f00000, 0x00000000c7f00000| Untracked 
| 128|0x00000000c8000000, 0x00000000c8000000, 0x00000000c8100000|  0%| F|  |TAMS 0x00000000c8000000, 0x00000000c8000000| Untracked 
| 129|0x00000000c8100000, 0x00000000c8100000, 0x00000000c8200000|  0%| F|  |TAMS 0x00000000c8100000, 0x00000000c8100000| Untracked 
| 130|0x00000000c8200000, 0x00000000c8200000, 0x00000000c8300000|  0%| F|  |TAMS 0x00000000c8200000, 0x00000000c8200000| Untracked 
| 131|0x00000000c8300000, 0x00000000c8300000, 0x00000000c8400000|  0%| F|  |TAMS 0x00000000c8300000, 0x00000000c8300000| Untracked 
| 132|0x00000000c8400000, 0x00000000c8400000, 0x00000000c8500000|  0%| F|  |TAMS 0x00000000c8400000, 0x00000000c8400000| Untracked 
| 133|0x00000000c8500000, 0x00000000c8500000, 0x00000000c8600000|  0%| F|  |TAMS 0x00000000c8500000, 0x00000000c8500000| Untracked 
| 134|0x00000000c8600000, 0x00000000c8600000, 0x00000000c8700000|  0%| F|  |TAMS 0x00000000c8600000, 0x00000000c8600000| Untracked 
| 135|0x00000000c8700000, 0x00000000c8700000, 0x00000000c8800000|  0%| F|  |TAMS 0x00000000c8700000, 0x00000000c8700000| Untracked 
| 136|0x00000000c8800000, 0x00000000c8800000, 0x00000000c8900000|  0%| F|  |TAMS 0x00000000c8800000, 0x00000000c8800000| Untracked 
| 137|0x00000000c8900000, 0x00000000c8900000, 0x00000000c8a00000|  0%| F|  |TAMS 0x00000000c8900000, 0x00000000c8900000| Untracked 
| 138|0x00000000c8a00000, 0x00000000c8a00000, 0x00000000c8b00000|  0%| F|  |TAMS 0x00000000c8a00000, 0x00000000c8a00000| Untracked 
| 139|0x00000000c8b00000, 0x00000000c8b00000, 0x00000000c8c00000|  0%| F|  |TAMS 0x00000000c8b00000, 0x00000000c8b00000| Untracked 
| 140|0x00000000c8c00000, 0x00000000c8c00000, 0x00000000c8d00000|  0%| F|  |TAMS 0x00000000c8c00000, 0x00000000c8c00000| Untracked 
| 141|0x00000000c8d00000, 0x00000000c8d00000, 0x00000000c8e00000|  0%| F|  |TAMS 0x00000000c8d00000, 0x00000000c8d00000| Untracked 
| 142|0x00000000c8e00000, 0x00000000c8e00000, 0x00000000c8f00000|  0%| F|  |TAMS 0x00000000c8e00000, 0x00000000c8e00000| Untracked 
| 143|0x00000000c8f00000, 0x00000000c8f00000, 0x00000000c9000000|  0%| F|  |TAMS 0x00000000c8f00000, 0x00000000c8f00000| Untracked 
| 144|0x00000000c9000000, 0x00000000c9000000, 0x00000000c9100000|  0%| F|  |TAMS 0x00000000c9000000, 0x00000000c9000000| Untracked 
| 145|0x00000000c9100000, 0x00000000c9100000, 0x00000000c9200000|  0%| F|  |TAMS 0x00000000c9100000, 0x00000000c9100000| Untracked 
| 146|0x00000000c9200000, 0x00000000c9200000, 0x00000000c9300000|  0%| F|  |TAMS 0x00000000c9200000, 0x00000000c9200000| Untracked 
| 147|0x00000000c9300000, 0x00000000c9300000, 0x00000000c9400000|  0%| F|  |TAMS 0x00000000c9300000, 0x00000000c9300000| Untracked 
| 148|0x00000000c9400000, 0x00000000c9400000, 0x00000000c9500000|  0%| F|  |TAMS 0x00000000c9400000, 0x00000000c9400000| Untracked 
| 149|0x00000000c9500000, 0x00000000c9500000, 0x00000000c9600000|  0%| F|  |TAMS 0x00000000c9500000, 0x00000000c9500000| Untracked 
| 150|0x00000000c9600000, 0x00000000c9600000, 0x00000000c9700000|  0%| F|  |TAMS 0x00000000c9600000, 0x00000000c9600000| Untracked 
| 151|0x00000000c9700000, 0x00000000c9700000, 0x00000000c9800000|  0%| F|  |TAMS 0x00000000c9700000, 0x00000000c9700000| Untracked 
| 152|0x00000000c9800000, 0x00000000c9800000, 0x00000000c9900000|  0%| F|  |TAMS 0x00000000c9800000, 0x00000000c9800000| Untracked 
| 153|0x00000000c9900000, 0x00000000c9900000, 0x00000000c9a00000|  0%| F|  |TAMS 0x00000000c9900000, 0x00000000c9900000| Untracked 
| 154|0x00000000c9a00000, 0x00000000c9a00000, 0x00000000c9b00000|  0%| F|  |TAMS 0x00000000c9a00000, 0x00000000c9a00000| Untracked 
| 155|0x00000000c9b00000, 0x00000000c9b00000, 0x00000000c9c00000|  0%| F|  |TAMS 0x00000000c9b00000, 0x00000000c9b00000| Untracked 
| 156|0x00000000c9c00000, 0x00000000c9c00000, 0x00000000c9d00000|  0%| F|  |TAMS 0x00000000c9c00000, 0x00000000c9c00000| Untracked 
| 157|0x00000000c9d00000, 0x00000000c9d00000, 0x00000000c9e00000|  0%| F|  |TAMS 0x00000000c9d00000, 0x00000000c9d00000| Untracked 
| 158|0x00000000c9e00000, 0x00000000c9e00000, 0x00000000c9f00000|  0%| F|  |TAMS 0x00000000c9e00000, 0x00000000c9e00000| Untracked 
| 159|0x00000000c9f00000, 0x00000000c9f00000, 0x00000000ca000000|  0%| F|  |TAMS 0x00000000c9f00000, 0x00000000c9f00000| Untracked 
| 160|0x00000000ca000000, 0x00000000ca000000, 0x00000000ca100000|  0%| F|  |TAMS 0x00000000ca000000, 0x00000000ca000000| Untracked 
| 161|0x00000000ca100000, 0x00000000ca100000, 0x00000000ca200000|  0%| F|  |TAMS 0x00000000ca100000, 0x00000000ca100000| Untracked 
| 162|0x00000000ca200000, 0x00000000ca200000, 0x00000000ca300000|  0%| F|  |TAMS 0x00000000ca200000, 0x00000000ca200000| Untracked 
| 163|0x00000000ca300000, 0x00000000ca300000, 0x00000000ca400000|  0%| F|  |TAMS 0x00000000ca300000, 0x00000000ca300000| Untracked 
| 164|0x00000000ca400000, 0x00000000ca400000, 0x00000000ca500000|  0%| F|  |TAMS 0x00000000ca400000, 0x00000000ca400000| Untracked 
| 165|0x00000000ca500000, 0x00000000ca500000, 0x00000000ca600000|  0%| F|  |TAMS 0x00000000ca500000, 0x00000000ca500000| Untracked 
| 166|0x00000000ca600000, 0x00000000ca600000, 0x00000000ca700000|  0%| F|  |TAMS 0x00000000ca600000, 0x00000000ca600000| Untracked 
| 167|0x00000000ca700000, 0x00000000ca700000, 0x00000000ca800000|  0%| F|  |TAMS 0x00000000ca700000, 0x00000000ca700000| Untracked 
| 168|0x00000000ca800000, 0x00000000ca800000, 0x00000000ca900000|  0%| F|  |TAMS 0x00000000ca800000, 0x00000000ca800000| Untracked 
| 169|0x00000000ca900000, 0x00000000ca900000, 0x00000000caa00000|  0%| F|  |TAMS 0x00000000ca900000, 0x00000000ca900000| Untracked 
| 170|0x00000000caa00000, 0x00000000caa00000, 0x00000000cab00000|  0%| F|  |TAMS 0x00000000caa00000, 0x00000000caa00000| Untracked 
| 171|0x00000000cab00000, 0x00000000cab00000, 0x00000000cac00000|  0%| F|  |TAMS 0x00000000cab00000, 0x00000000cab00000| Untracked 
| 172|0x00000000cac00000, 0x00000000cac00000, 0x00000000cad00000|  0%| F|  |TAMS 0x00000000cac00000, 0x00000000cac00000| Untracked 
| 173|0x00000000cad00000, 0x00000000cad00000, 0x00000000cae00000|  0%| F|  |TAMS 0x00000000cad00000, 0x00000000cad00000| Untracked 
| 174|0x00000000cae00000, 0x00000000cae00000, 0x00000000caf00000|  0%| F|  |TAMS 0x00000000cae00000, 0x00000000cae00000| Untracked 
| 175|0x00000000caf00000, 0x00000000caf00000, 0x00000000cb000000|  0%| F|  |TAMS 0x00000000caf00000, 0x00000000caf00000| Untracked 
| 176|0x00000000cb000000, 0x00000000cb000000, 0x00000000cb100000|  0%| F|  |TAMS 0x00000000cb000000, 0x00000000cb000000| Untracked 
| 177|0x00000000cb100000, 0x00000000cb100000, 0x00000000cb200000|  0%| F|  |TAMS 0x00000000cb100000, 0x00000000cb100000| Untracked 
| 178|0x00000000cb200000, 0x00000000cb200000, 0x00000000cb300000|  0%| F|  |TAMS 0x00000000cb200000, 0x00000000cb200000| Untracked 
| 179|0x00000000cb300000, 0x00000000cb300000, 0x00000000cb400000|  0%| F|  |TAMS 0x00000000cb300000, 0x00000000cb300000| Untracked 
| 180|0x00000000cb400000, 0x00000000cb400000, 0x00000000cb500000|  0%| F|  |TAMS 0x00000000cb400000, 0x00000000cb400000| Untracked 
| 181|0x00000000cb500000, 0x00000000cb500000, 0x00000000cb600000|  0%| F|  |TAMS 0x00000000cb500000, 0x00000000cb500000| Untracked 
| 182|0x00000000cb600000, 0x00000000cb600000, 0x00000000cb700000|  0%| F|  |TAMS 0x00000000cb600000, 0x00000000cb600000| Untracked 
| 183|0x00000000cb700000, 0x00000000cb700000, 0x00000000cb800000|  0%| F|  |TAMS 0x00000000cb700000, 0x00000000cb700000| Untracked 
| 184|0x00000000cb800000, 0x00000000cb800000, 0x00000000cb900000|  0%| F|  |TAMS 0x00000000cb800000, 0x00000000cb800000| Untracked 
| 185|0x00000000cb900000, 0x00000000cb900000, 0x00000000cba00000|  0%| F|  |TAMS 0x00000000cb900000, 0x00000000cb900000| Untracked 
| 186|0x00000000cba00000, 0x00000000cba00000, 0x00000000cbb00000|  0%| F|  |TAMS 0x00000000cba00000, 0x00000000cba00000| Untracked 
| 187|0x00000000cbb00000, 0x00000000cbb00000, 0x00000000cbc00000|  0%| F|  |TAMS 0x00000000cbb00000, 0x00000000cbb00000| Untracked 
| 188|0x00000000cbc00000, 0x00000000cbc00000, 0x00000000cbd00000|  0%| F|  |TAMS 0x00000000cbc00000, 0x00000000cbc00000| Untracked 
| 189|0x00000000cbd00000, 0x00000000cbd00000, 0x00000000cbe00000|  0%| F|  |TAMS 0x00000000cbd00000, 0x00000000cbd00000| Untracked 
| 190|0x00000000cbe00000, 0x00000000cbe00000, 0x00000000cbf00000|  0%| F|  |TAMS 0x00000000cbe00000, 0x00000000cbe00000| Untracked 
| 191|0x00000000cbf00000, 0x00000000cbf00000, 0x00000000cc000000|  0%| F|  |TAMS 0x00000000cbf00000, 0x00000000cbf00000| Untracked 
| 192|0x00000000cc000000, 0x00000000cc000000, 0x00000000cc100000|  0%| F|  |TAMS 0x00000000cc000000, 0x00000000cc000000| Untracked 
| 193|0x00000000cc100000, 0x00000000cc100000, 0x00000000cc200000|  0%| F|  |TAMS 0x00000000cc100000, 0x00000000cc100000| Untracked 
| 194|0x00000000cc200000, 0x00000000cc200000, 0x00000000cc300000|  0%| F|  |TAMS 0x00000000cc200000, 0x00000000cc200000| Untracked 
| 195|0x00000000cc300000, 0x00000000cc300000, 0x00000000cc400000|  0%| F|  |TAMS 0x00000000cc300000, 0x00000000cc300000| Untracked 
| 196|0x00000000cc400000, 0x00000000cc400000, 0x00000000cc500000|  0%| F|  |TAMS 0x00000000cc400000, 0x00000000cc400000| Untracked 
| 197|0x00000000cc500000, 0x00000000cc500000, 0x00000000cc600000|  0%| F|  |TAMS 0x00000000cc500000, 0x00000000cc500000| Untracked 
| 198|0x00000000cc600000, 0x00000000cc600000, 0x00000000cc700000|  0%| F|  |TAMS 0x00000000cc600000, 0x00000000cc600000| Untracked 
| 199|0x00000000cc700000, 0x00000000cc700000, 0x00000000cc800000|  0%| F|  |TAMS 0x00000000cc700000, 0x00000000cc700000| Untracked 
| 200|0x00000000cc800000, 0x00000000cc800000, 0x00000000cc900000|  0%| F|  |TAMS 0x00000000cc800000, 0x00000000cc800000| Untracked 
| 201|0x00000000cc900000, 0x00000000cc900000, 0x00000000cca00000|  0%| F|  |TAMS 0x00000000cc900000, 0x00000000cc900000| Untracked 
| 202|0x00000000cca00000, 0x00000000cca00000, 0x00000000ccb00000|  0%| F|  |TAMS 0x00000000cca00000, 0x00000000cca00000| Untracked 
| 203|0x00000000ccb00000, 0x00000000ccbc3188, 0x00000000ccc00000| 76%| S|CS|TAMS 0x00000000ccb00000, 0x00000000ccb00000| Complete 
| 204|0x00000000ccc00000, 0x00000000ccd00000, 0x00000000ccd00000|100%| S|CS|TAMS 0x00000000ccc00000, 0x00000000ccc00000| Complete 
| 205|0x00000000ccd00000, 0x00000000cce00000, 0x00000000cce00000|100%| S|CS|TAMS 0x00000000ccd00000, 0x00000000ccd00000| Complete 
| 206|0x00000000cce00000, 0x00000000ccf00000, 0x00000000ccf00000|100%| S|CS|TAMS 0x00000000cce00000, 0x00000000cce00000| Complete 
| 207|0x00000000ccf00000, 0x00000000ccf00000, 0x00000000cd000000|  0%| F|  |TAMS 0x00000000ccf00000, 0x00000000ccf00000| Untracked 
| 208|0x00000000cd000000, 0x00000000cd000000, 0x00000000cd100000|  0%| F|  |TAMS 0x00000000cd000000, 0x00000000cd000000| Untracked 
| 209|0x00000000cd100000, 0x00000000cd100000, 0x00000000cd200000|  0%| F|  |TAMS 0x00000000cd100000, 0x00000000cd100000| Untracked 
| 210|0x00000000cd200000, 0x00000000cd200000, 0x00000000cd300000|  0%| F|  |TAMS 0x00000000cd200000, 0x00000000cd200000| Untracked 
| 211|0x00000000cd300000, 0x00000000cd300000, 0x00000000cd400000|  0%| F|  |TAMS 0x00000000cd300000, 0x00000000cd300000| Untracked 
| 212|0x00000000cd400000, 0x00000000cd400000, 0x00000000cd500000|  0%| F|  |TAMS 0x00000000cd400000, 0x00000000cd400000| Untracked 
| 213|0x00000000cd500000, 0x00000000cd500000, 0x00000000cd600000|  0%| F|  |TAMS 0x00000000cd500000, 0x00000000cd500000| Untracked 
| 214|0x00000000cd600000, 0x00000000cd600000, 0x00000000cd700000|  0%| F|  |TAMS 0x00000000cd600000, 0x00000000cd600000| Untracked 
| 215|0x00000000cd700000, 0x00000000cd700000, 0x00000000cd800000|  0%| F|  |TAMS 0x00000000cd700000, 0x00000000cd700000| Untracked 
| 216|0x00000000cd800000, 0x00000000cd800000, 0x00000000cd900000|  0%| F|  |TAMS 0x00000000cd800000, 0x00000000cd800000| Untracked 
| 217|0x00000000cd900000, 0x00000000cd900000, 0x00000000cda00000|  0%| F|  |TAMS 0x00000000cd900000, 0x00000000cd900000| Untracked 
| 218|0x00000000cda00000, 0x00000000cda00000, 0x00000000cdb00000|  0%| F|  |TAMS 0x00000000cda00000, 0x00000000cda00000| Untracked 
| 219|0x00000000cdb00000, 0x00000000cdb00000, 0x00000000cdc00000|  0%| F|  |TAMS 0x00000000cdb00000, 0x00000000cdb00000| Untracked 
| 220|0x00000000cdc00000, 0x00000000cdc00000, 0x00000000cdd00000|  0%| F|  |TAMS 0x00000000cdc00000, 0x00000000cdc00000| Untracked 
| 221|0x00000000cdd00000, 0x00000000cdd00000, 0x00000000cde00000|  0%| F|  |TAMS 0x00000000cdd00000, 0x00000000cdd00000| Untracked 
| 222|0x00000000cde00000, 0x00000000cde00000, 0x00000000cdf00000|  0%| F|  |TAMS 0x00000000cde00000, 0x00000000cde00000| Untracked 
| 223|0x00000000cdf00000, 0x00000000cdf80800, 0x00000000ce000000| 50%| E|  |TAMS 0x00000000cdf00000, 0x00000000cdf00000| Complete 
| 224|0x00000000ce000000, 0x00000000ce100000, 0x00000000ce100000|100%| E|CS|TAMS 0x00000000ce000000, 0x00000000ce000000| Complete 
| 225|0x00000000ce100000, 0x00000000ce200000, 0x00000000ce200000|100%| E|CS|TAMS 0x00000000ce100000, 0x00000000ce100000| Complete 
| 226|0x00000000ce200000, 0x00000000ce300000, 0x00000000ce300000|100%| E|CS|TAMS 0x00000000ce200000, 0x00000000ce200000| Complete 
| 227|0x00000000ce300000, 0x00000000ce400000, 0x00000000ce400000|100%| E|CS|TAMS 0x00000000ce300000, 0x00000000ce300000| Complete 
| 228|0x00000000ce400000, 0x00000000ce500000, 0x00000000ce500000|100%| E|CS|TAMS 0x00000000ce400000, 0x00000000ce400000| Complete 
| 229|0x00000000ce500000, 0x00000000ce600000, 0x00000000ce600000|100%| E|CS|TAMS 0x00000000ce500000, 0x00000000ce500000| Complete 
| 230|0x00000000ce600000, 0x00000000ce700000, 0x00000000ce700000|100%| E|CS|TAMS 0x00000000ce600000, 0x00000000ce600000| Complete 
| 231|0x00000000ce700000, 0x00000000ce800000, 0x00000000ce800000|100%| E|CS|TAMS 0x00000000ce700000, 0x00000000ce700000| Complete 
| 232|0x00000000ce800000, 0x00000000ce900000, 0x00000000ce900000|100%| E|CS|TAMS 0x00000000ce800000, 0x00000000ce800000| Complete 
| 233|0x00000000ce900000, 0x00000000cea00000, 0x00000000cea00000|100%| E|CS|TAMS 0x00000000ce900000, 0x00000000ce900000| Complete 
| 234|0x00000000cea00000, 0x00000000ceb00000, 0x00000000ceb00000|100%| E|CS|TAMS 0x00000000cea00000, 0x00000000cea00000| Complete 
| 235|0x00000000ceb00000, 0x00000000cec00000, 0x00000000cec00000|100%| E|CS|TAMS 0x00000000ceb00000, 0x00000000ceb00000| Complete 
| 236|0x00000000cec00000, 0x00000000ced00000, 0x00000000ced00000|100%| E|CS|TAMS 0x00000000cec00000, 0x00000000cec00000| Complete 
| 237|0x00000000ced00000, 0x00000000cee00000, 0x00000000cee00000|100%| E|CS|TAMS 0x00000000ced00000, 0x00000000ced00000| Complete 
| 238|0x00000000cee00000, 0x00000000cef00000, 0x00000000cef00000|100%| E|CS|TAMS 0x00000000cee00000, 0x00000000cee00000| Complete 
| 239|0x00000000cef00000, 0x00000000cf000000, 0x00000000cf000000|100%| E|CS|TAMS 0x00000000cef00000, 0x00000000cef00000| Complete 
| 240|0x00000000cf000000, 0x00000000cf100000, 0x00000000cf100000|100%| E|CS|TAMS 0x00000000cf000000, 0x00000000cf000000| Complete 
| 241|0x00000000cf100000, 0x00000000cf200000, 0x00000000cf200000|100%| E|CS|TAMS 0x00000000cf100000, 0x00000000cf100000| Complete 
| 242|0x00000000cf200000, 0x00000000cf300000, 0x00000000cf300000|100%| E|CS|TAMS 0x00000000cf200000, 0x00000000cf200000| Complete 
| 243|0x00000000cf300000, 0x00000000cf400000, 0x00000000cf400000|100%| E|CS|TAMS 0x00000000cf300000, 0x00000000cf300000| Complete 
| 244|0x00000000cf400000, 0x00000000cf500000, 0x00000000cf500000|100%| E|CS|TAMS 0x00000000cf400000, 0x00000000cf400000| Complete 
| 245|0x00000000cf500000, 0x00000000cf600000, 0x00000000cf600000|100%| E|CS|TAMS 0x00000000cf500000, 0x00000000cf500000| Complete 
| 246|0x00000000cf600000, 0x00000000cf700000, 0x00000000cf700000|100%| E|CS|TAMS 0x00000000cf600000, 0x00000000cf600000| Complete 
| 247|0x00000000cf700000, 0x00000000cf800000, 0x00000000cf800000|100%| E|CS|TAMS 0x00000000cf700000, 0x00000000cf700000| Complete 
| 248|0x00000000cf800000, 0x00000000cf900000, 0x00000000cf900000|100%| E|CS|TAMS 0x00000000cf800000, 0x00000000cf800000| Complete 
| 249|0x00000000cf900000, 0x00000000cfa00000, 0x00000000cfa00000|100%| E|CS|TAMS 0x00000000cf900000, 0x00000000cf900000| Complete 
|1022|0x00000000ffe00000, 0x00000000ffe48000, 0x00000000fff00000| 28%|OA|  |TAMS 0x00000000ffe00000, 0x00000000ffe00000| Untracked 
|1023|0x00000000fff00000, 0x00000000fff6c000, 0x0000000100000000| 42%|CA|  |TAMS 0x00000000fff00000, 0x00000000fff00000| Untracked 

Card table byte_map: [0x0000731a18114000,0x0000731a18314000] _byte_map_base: 0x0000731a17b14000

Marking Bits (Prev, Next): (CMBitMap*) 0x0000731a14047978, (CMBitMap*) 0x0000731a140479b0
 Prev Bits: [0x00007319f7000000, 0x00007319f8000000)
 Next Bits: [0x00007319f6000000, 0x00007319f7000000)

Polling page: 0x0000731a18c22000

Metaspace:

Usage:
  Non-class:     14.09 MB capacity,    13.85 MB ( 98%) used,   187.67 KB (  1%) free+waste,    53.50 KB ( <1%) overhead. 
      Class:      2.66 MB capacity,     2.41 MB ( 90%) used,   228.05 KB (  8%) free+waste,    32.81 KB (  1%) overhead. 
       Both:     16.75 MB capacity,    16.26 MB ( 97%) used,   415.72 KB (  2%) free+waste,    86.31 KB ( <1%) overhead. 

Virtual space:
  Non-class space:       16.00 MB reserved,      14.25 MB ( 89%) committed 
      Class space:        1.00 GB reserved,       2.75 MB ( <1%) committed 
             Both:        1.02 GB reserved,      17.00 MB (  2%) committed 

Chunk freelists:
   Non-Class:  52.00 KB
       Class:  24.00 KB
        Both:  76.00 KB

MaxMetaspaceSize: unlimited
CompressedClassSpaceSize: 1.00 GB
Initial GC threshold: 20.80 MB
Current GC threshold: 20.80 MB
CDS: on

CodeHeap 'non-profiled nmethods': size=120032Kb used=727Kb max_used=727Kb free=119304Kb
 bounds [0x0000731a0428d000, 0x0000731a044fd000, 0x0000731a0b7c5000]
CodeHeap 'profiled nmethods': size=120032Kb used=3169Kb max_used=3169Kb free=116862Kb
 bounds [0x00007319fcd55000, 0x00007319fd075000, 0x0000731a0428d000]
CodeHeap 'non-nmethods': size=5696Kb used=1207Kb max_used=1221Kb free=4488Kb
 bounds [0x00007319fc7c5000, 0x00007319fca35000, 0x00007319fcd55000]
 total_blobs=2173 nmethods=1688 adapters=399
 compilation: enabled
              stopped_count=0, restarted_count=0
 full_count=0

Compilation events (20 events):
Event: 3.831 Thread 0x0000731a14168000 1634       3       java.util.HashMap$KeyIterator::next (8 bytes)
Event: 3.832 Thread 0x0000731a14168000 nmethod 1634 0x00007319fd045910 code [0x00007319fd045ac0, 0x00007319fd045c00]
Event: 3.832 Thread 0x0000731a14168000 1635       3       java.lang.invoke.MethodHandles$Lookup::checkMethod (83 bytes)
Event: 3.832 Thread 0x0000731a14168000 nmethod 1635 0x00007319fd045d10 code [0x00007319fd045f40, 0x00007319fd0466d0]
Event: 3.832 Thread 0x0000731a14168000 1636       3       java.lang.invoke.MethodHandles$Lookup::maybeBindCaller (47 bytes)
Event: 3.833 Thread 0x0000731a14168000 nmethod 1636 0x00007319fd046990 code [0x00007319fd046be0, 0x00007319fd047500]
Event: 3.840 Thread 0x0000731a14168000 1643       3       java.lang.StringBuilder::append (8 bytes)
Event: 3.840 Thread 0x0000731a14168000 nmethod 1643 0x00007319fd047810 code [0x00007319fd0479c0, 0x00007319fd047b20]
Event: 3.840 Thread 0x0000731a14168000 1640       3       java.lang.AbstractStringBuilder::append (77 bytes)
Event: 3.840 Thread 0x0000731a14168000 nmethod 1640 0x00007319fd047c10 code [0x00007319fd047e40, 0x00007319fd0484e0]
Event: 3.840 Thread 0x0000731a14168000 1638       3       java.lang.Class::privateGetDeclaredConstructors (79 bytes)
Event: 3.841 Thread 0x0000731a14168000 nmethod 1638 0x00007319fd048790 code [0x00007319fd0489a0, 0x00007319fd048ec0]
Event: 3.841 Thread 0x0000731a14168000 1639       3       java.lang.reflect.AccessibleObject::checkAccess (40 bytes)
Event: 3.841 Thread 0x0000731a14168000 nmethod 1639 0x00007319fd049090 code [0x00007319fd049280, 0x00007319fd0495d0]
Event: 3.841 Thread 0x0000731a14168000 1641       3       jdk.internal.reflect.ReflectionFactory::copyConstructor (10 bytes)
Event: 3.841 Thread 0x0000731a14168000 nmethod 1641 0x00007319fd049710 code [0x00007319fd049900, 0x00007319fd049c40]
Event: 3.841 Thread 0x0000731a14168000 1642       3       java.lang.reflect.ReflectAccess::copyConstructor (5 bytes)
Event: 3.841 Thread 0x0000731a14168000 nmethod 1642 0x00007319fd049d90 code [0x00007319fd049f40, 0x00007319fd04a080]
Event: 3.841 Thread 0x0000731a14168000 1644       1       java.lang.AbstractStringBuilder::length (5 bytes)
Event: 3.841 Thread 0x0000731a14168000 nmethod 1644 0x0000731a04340410 code [0x0000731a043405c0, 0x0000731a04340690]

GC Heap History (8 events):
Event: 0.864 GC heap before
{Heap before GC invocations=0 (full 0):
 garbage-first heap   total 258048K, used 23248K [0x00000000c0000000, 0x0000000100000000)
  region size 1024K, 14 young (14336K), 0 survivors (0K)
 Metaspace       used 562K, capacity 4550K, committed 4864K, reserved 1056768K
  class space    used 20K, capacity 386K, committed 512K, reserved 1048576K
}
Event: 0.914 GC heap after
{Heap after GC invocations=1 (full 0):
 garbage-first heap   total 258048K, used 20593K [0x00000000c0000000, 0x0000000100000000)
  region size 1024K, 2 young (2048K), 2 survivors (2048K)
 Metaspace       used 562K, capacity 4550K, committed 4864K, reserved 1056768K
  class space    used 20K, capacity 386K, committed 512K, reserved 1048576K
}
Event: 1.372 GC heap before
{Heap before GC invocations=1 (full 0):
 garbage-first heap   total 258048K, used 30833K [0x00000000c0000000, 0x0000000100000000)
  region size 1024K, 12 young (12288K), 2 survivors (2048K)
 Metaspace       used 2322K, capacity 6156K, committed 6528K, reserved 1056768K
  class space    used 161K, capacity 520K, committed 640K, reserved 1048576K
}
Event: 1.382 GC heap after
{Heap after GC invocations=2 (full 0):
 garbage-first heap   total 258048K, used 21947K [0x00000000c0000000, 0x0000000100000000)
  region size 1024K, 2 young (2048K), 2 survivors (2048K)
 Metaspace       used 2322K, capacity 6156K, committed 6528K, reserved 1056768K
  class space    used 161K, capacity 520K, committed 640K, reserved 1048576K
}
Event: 2.388 GC heap before
{Heap before GC invocations=2 (full 0):
 garbage-first heap   total 258048K, used 39355K [0x00000000c0000000, 0x0000000100000000)
  region size 1024K, 20 young (20480K), 2 survivors (2048K)
 Metaspace       used 6224K, capacity 9586K, committed 9728K, reserved 1058816K
  class space    used 917K, capacity 1266K, committed 1280K, reserved 1048576K
}
Event: 2.399 GC heap after
{Heap after GC invocations=3 (full 0):
 garbage-first heap   total 258048K, used 23678K [0x00000000c0000000, 0x0000000100000000)
  region size 1024K, 3 young (3072K), 3 survivors (3072K)
 Metaspace       used 6224K, capacity 9586K, committed 9728K, reserved 1058816K
  class space    used 917K, capacity 1266K, committed 1280K, reserved 1048576K
}
Event: 3.219 GC heap before
{Heap before GC invocations=3 (full 0):
 garbage-first heap   total 258048K, used 64638K [0x00000000c0000000, 0x0000000100000000)
  region size 1024K, 43 young (44032K), 3 survivors (3072K)
 Metaspace       used 12044K, capacity 14000K, committed 14336K, reserved 1060864K
  class space    used 1693K, capacity 1951K, committed 2048K, reserved 1048576K
}
Event: 3.238 GC heap after
{Heap after GC invocations=4 (full 0):
 garbage-first heap   total 258048K, used 24514K [0x00000000c0000000, 0x0000000100000000)
  region size 1024K, 4 young (4096K), 4 survivors (4096K)
 Metaspace       used 12044K, capacity 14000K, committed 14336K, reserved 1060864K
  class space    used 1693K, capacity 1951K, committed 2048K, reserved 1048576K
}

Deoptimization events (20 events):
Event: 3.470 Thread 0x0000731a14019000 Uncommon trap: trap_request=0xffffffde fr.pc=0x0000731a0430f4ac relative=0x000000000000048c
Event: 3.470 Thread 0x0000731a14019000 Uncommon trap: reason=class_check action=maybe_recompile pc=0x0000731a0430f4ac method=java.util.HashMap.putVal(ILjava/lang/Object;Ljava/lang/Object;ZZ)Ljava/lang/Object; @ 253 c2
Event: 3.470 Thread 0x0000731a14019000 DEOPT PACKING pc=0x0000731a0430f4ac sp=0x0000731a18d67770
Event: 3.470 Thread 0x0000731a14019000 DEOPT UNPACKING pc=0x00007319fc80eea5 sp=0x0000731a18d67730 mode 2
Event: 3.522 Thread 0x0000731a14019000 Uncommon trap: trap_request=0xffffffde fr.pc=0x0000731a04328824 relative=0x0000000000000884
Event: 3.522 Thread 0x0000731a14019000 Uncommon trap: reason=class_check action=maybe_recompile pc=0x0000731a04328824 method=java.util.HashMap.putVal(ILjava/lang/Object;Ljava/lang/Object;ZZ)Ljava/lang/Object; @ 203 c2
Event: 3.522 Thread 0x0000731a14019000 DEOPT PACKING pc=0x0000731a04328824 sp=0x0000731a18d66660
Event: 3.522 Thread 0x0000731a14019000 DEOPT UNPACKING pc=0x00007319fc80eea5 sp=0x0000731a18d66580 mode 2
Event: 3.601 Thread 0x0000731a14019000 Uncommon trap: trap_request=0xffffff4d fr.pc=0x0000731a0430e018 relative=0x0000000000000078
Event: 3.601 Thread 0x0000731a14019000 Uncommon trap: reason=unstable_if action=reinterpret pc=0x0000731a0430e018 method=java.lang.Integer.stringSize(I)I @ 19 c2
Event: 3.601 Thread 0x0000731a14019000 DEOPT PACKING pc=0x0000731a0430e018 sp=0x0000731a18d6a880
Event: 3.601 Thread 0x0000731a14019000 DEOPT UNPACKING pc=0x00007319fc80eea5 sp=0x0000731a18d6a820 mode 2
Event: 3.830 Thread 0x0000731a14019000 Uncommon trap: trap_request=0xffffff4d fr.pc=0x0000731a043096b4 relative=0x0000000000000374
Event: 3.830 Thread 0x0000731a14019000 Uncommon trap: reason=unstable_if action=reinterpret pc=0x0000731a043096b4 method=java.lang.StringLatin1.canEncode(I)Z @ 4 c2
Event: 3.830 Thread 0x0000731a14019000 DEOPT PACKING pc=0x0000731a043096b4 sp=0x0000731a18d6b770
Event: 3.830 Thread 0x0000731a14019000 DEOPT UNPACKING pc=0x00007319fc80eea5 sp=0x0000731a18d6b698 mode 2
Event: 3.830 Thread 0x0000731a14019000 Uncommon trap: trap_request=0xffffff4d fr.pc=0x0000731a04309f9c relative=0x000000000000035c
Event: 3.830 Thread 0x0000731a14019000 Uncommon trap: reason=unstable_if action=reinterpret pc=0x0000731a04309f9c method=java.lang.AbstractStringBuilder.isLatin1()Z @ 10 c2
Event: 3.830 Thread 0x0000731a14019000 DEOPT PACKING pc=0x0000731a04309f9c sp=0x0000731a18d6b770
Event: 3.830 Thread 0x0000731a14019000 DEOPT UNPACKING pc=0x00007319fc80eea5 sp=0x0000731a18d6b700 mode 2

Classes redefined (0 events):
No events

Internal exceptions (20 events):
Event: 2.616 Thread 0x0000731a14019000 Exception <a 'java/lang/NoSuchMethodError'{0x00000000cf233c90}: 'int java.lang.invoke.DirectMethodHandle$Holder.invokeStaticInit(java.lang.Object, long)'> (0x00000000cf233c90) thrown at [./src/hotspot/share/interpreter/linkResolver.cpp, line 772]
Event: 2.704 Thread 0x0000731a14019000 Exception <a 'java/lang/NoSuchMethodError'{0x00000000cf0bd018}: 'void java.lang.invoke.DelegatingMethodHandle$Holder.delegate(java.lang.Object, java.lang.Object, int, java.lang.Object)'> (0x00000000cf0bd018) thrown at [./src/hotspot/share/interpreter/linkResolver.cpp, line 772]
Event: 2.705 Thread 0x0000731a14019000 Exception <a 'java/lang/NoSuchMethodError'{0x00000000cf0c4d20}: 'java.lang.Object java.lang.invoke.DirectMethodHandle$Holder.invokeStaticInit(java.lang.Object, java.lang.Object, java.lang.Object)'> (0x00000000cf0c4d20) thrown at [./src/hotspot/share/interpreter/linkResolver.cpp, line 772]
Event: 2.715 Thread 0x0000731a14019000 Exception <a 'java/lang/IncompatibleClassChangeError'{0x00000000cef20c90}: Found class java.lang.Object, but interface was expected> (0x00000000cef20c90) thrown at [./src/hotspot/share/interpreter/linkResolver.cpp, line 839]
Event: 2.720 Thread 0x0000731a14019000 Exception <a 'java/lang/NoSuchMethodError'{0x00000000cef425a8}: 'java.lang.Object java.lang.invoke.DirectMethodHandle$Holder.invokeStatic(java.lang.Object, java.lang.Object, java.lang.Object, int, java.lang.Object)'> (0x00000000cef425a8) thrown at [./src/hotspot/share/interpreter/linkResolver.cpp, line 772]
Event: 2.720 Thread 0x0000731a14019000 Exception <a 'java/lang/NoSuchMethodError'{0x00000000cef49258}: 'java.lang.Object java.lang.invoke.Invokers$Holder.linkToTargetMethod(java.lang.Object, java.lang.Object, int, java.lang.Object, java.lang.Object)'> (0x00000000cef49258) thrown at [./src/hotspot/share/interpreter/linkResolver.cpp, line 772]
Event: 2.767 Thread 0x0000731a14019000 Exception <a 'java/lang/NoSuchMethodError'{0x00000000cee51ea0}: 'int java.lang.invoke.DirectMethodHandle$Holder.invokeStaticInit(java.lang.Object, java.lang.Object)'> (0x00000000cee51ea0) thrown at [./src/hotspot/share/interpreter/linkResolver.cpp, line 772]
Event: 2.848 Thread 0x0000731a14019000 Exception <a 'java/lang/NoSuchMethodError'{0x00000000cea2b9e0}: 'java.lang.Object java.lang.invoke.Invokers$Holder.linkToTargetMethod(java.lang.Object, java.lang.Object, int, int, java.lang.Object, java.lang.Object)'> (0x00000000cea2b9e0) thrown at [./src/hotspot/share/interpreter/linkResolver.cpp, line 772]
Event: 3.052 Thread 0x0000731a14019000 Exception <a 'java/lang/NoSuchMethodError'{0x00000000cd4f90f8}: 'void java.lang.invoke.DirectMethodHandle$Holder.invokeStatic(java.lang.Object, java.lang.Object, java.lang.Object, java.lang.Object)'> (0x00000000cd4f90f8) thrown at [./src/hotspot/share/interpreter/linkResolver.cpp, line 772]
Event: 3.053 Thread 0x0000731a14019000 Exception <a 'java/lang/NoSuchMethodError'{0x00000000cd4fc900}: 'void java.lang.invoke.DirectMethodHandle$Holder.invokeStaticInit(java.lang.Object, java.lang.Object, java.lang.Object, java.lang.Object)'> (0x00000000cd4fc900) thrown at [./src/hotspot/share/interpreter/linkResolver.cpp, line 772]
Event: 3.097 Thread 0x0000731a14019000 Exception <a 'java/lang/NoSuchMethodError'{0x00000000cd22ab80}: 'void java.lang.invoke.DirectMethodHandle$Holder.invokeStatic(java.lang.Object, java.lang.Object, java.lang.Object, java.lang.Object, java.lang.Object, java.lang.Object)'> (0x00000000cd22ab80) thrown at [./src/hotspot/share/interpreter/linkResolver.cpp, line 772]
Event: 3.403 Thread 0x0000731a14019000 Exception <a 'java/lang/NoSuchMethodError'{0x00000000cf147750}: 'int java.lang.invoke.DirectMethodHandle$Holder.invokeInterface(java.lang.Object, java.lang.Object)'> (0x00000000cf147750) thrown at [./src/hotspot/share/interpreter/linkResolver.cpp, line 772]
Event: 3.405 Thread 0x0000731a14019000 Exception <a 'java/lang/IncompatibleClassChangeError'{0x00000000cf14a4e8}: Found class java.lang.Object, but interface was expected> (0x00000000cf14a4e8) thrown at [./src/hotspot/share/interpreter/linkResolver.cpp, line 839]
Event: 3.454 Thread 0x0000731a14019000 Exception <a 'java/lang/NoSuchMethodError'{0x00000000cf013040}: 'java.lang.Object java.lang.invoke.DirectMethodHandle$Holder.invokeStatic(java.lang.Object, java.lang.Object, java.lang.Object, java.lang.Object, java.lang.Object, java.lang.Object, java.lang.Object, java.lang.Object, java.lang.Object, java.lang.Object, java.lang.Object, int)'> (0x00000000cf013040) thrown at [./src/hotspot/share/interpreter/linkResolver.cpp, line 772]
Event: 3.456 Thread 0x0000731a14019000 Exception <a 'java/lang/NoSuchMethodError'{0x00000000cf031400}: 'java.lang.Object java.lang.invoke.DirectMethodHandle$Holder.invokeStatic(java.lang.Object, java.lang.Object, java.lang.Object, java.lang.Object, java.lang.Object, java.lang.Object, java.lang.Object, java.lang.Object, java.lang.Object, java.lang.Object, java.lang.Object, int, int)'> (0x00000000cf031400) thrown at [./src/hotspot/share/interpreter/linkResolver.cpp, line 772]
Event: 3.465 Thread 0x0000731a14019000 Exception <a 'java/lang/NoSuchMethodError'{0x00000000cf050a10}: 'java.lang.Object java.lang.invoke.DirectMethodHandle$Holder.invokeStatic(java.lang.Object, java.lang.Object, java.lang.Object, java.lang.Object, java.lang.Object, java.lang.Object, java.lang.Object, java.lang.Object, java.lang.Object, java.lang.Object, java.lang.Object, int, int, java.lang.Object)'> (0x00000000cf050a10) thrown at [./src/hotspot/share/interpreter/linkResolver.cpp, line 772]
Event: 3.467 Thread 0x0000731a14019000 Exception <a 'java/lang/NoSuchMethodError'{0x00000000cf071750}: 'java.lang.Object java.lang.invoke.DirectMethodHandle$Holder.invokeStatic(java.lang.Object, java.lang.Object, java.lang.Object, java.lang.Object, java.lang.Object, java.lang.Object, java.lang.Object, java.lang.Object, java.lang.Object, java.lang.Object, java.lang.Object, int, int, java.lang.Object, java.lang.Object)'> (0x00000000cf071750) thrown at [./src/hotspot/share/interpreter/linkResolver.cpp, line 772]
Event: 3.479 Thread 0x0000731a14019000 Exception <a 'java/lang/NoSuchMethodError'{0x00000000cf0c3458}: 'int java.lang.invoke.DirectMethodHandle$Holder.invokeSpecialIFC(java.lang.Object, java.lang.Object, int)'> (0x00000000cf0c3458) thrown at [./src/hotspot/share/interpreter/linkResolver.cpp, line 772]
Event: 3.598 Thread 0x0000731a14019000 Exception <a 'java/lang/NoSuchMethodError'{0x00000000cedbed08}: 'int java.lang.invoke.DirectMethodHandle$Holder.invokeStaticInit(java.lang.Object, int)'> (0x00000000cedbed08) thrown at [./src/hotspot/share/interpreter/linkResolver.cpp, line 772]
Event: 3.759 Thread 0x0000731a14019000 Exception <a 'java/lang/NoSuchMethodError'{0x00000000ce8c1648}: 'int java.lang.invoke.DirectMethodHandle$Holder.invokeStaticInit(java.lang.Object)'> (0x00000000ce8c1648) thrown at [./src/hotspot/share/interpreter/linkResolver.cpp, line 772]

Events (20 events):
Event: 3.779 loading class scala/Function1 done
Event: 3.779 Thread 0x00007319c82be000 Thread exited: 0x00007319c82be000
Event: 3.781 loading class org/apache/spark/internal/Logging$
Event: 3.781 loading class org/apache/spark/internal/Logging$ done
Event: 3.782 loading class org/apache/spark/util/SparkClassUtils$
Event: 3.782 loading class org/apache/spark/util/SparkClassUtils$ done
Event: 3.782 loading class org/apache/spark/util/SparkClassUtils
Event: 3.782 loading class org/apache/spark/util/SparkClassUtils done
Event: 3.782 loading class org/apache/spark/util/SparkClassUtils
Event: 3.782 loading class org/apache/spark/util/SparkClassUtils done
Event: 3.783 loading class org/slf4j/bridge/SLF4JBridgeHandler
Event: 3.783 loading class org/slf4j/bridge/SLF4JBridgeHandler done
Event: 3.790 loading class org/apache/logging/log4j/core/impl/ContextAnchor
Event: 3.790 loading class org/apache/logging/log4j/core/impl/ContextAnchor done
Event: 3.828 loading class org/apache/logging/log4j/message/SimpleMessage
Event: 3.828 loading class org/apache/logging/log4j/message/SimpleMessage done
Event: 3.829 loading class java/lang/StackTraceElement$HashedModules
Event: 3.829 loading class java/lang/StackTraceElement$HashedModules done
Event: 3.831 loading class org/apache/logging/log4j/message/Clearable
Event: 3.831 loading class org/apache/logging/log4j/message/Clearable done


Dynamic libraries:
c0000000-cfa00000 rw-p 00000000 00:00 0 
cfa00000-ffe00000 ---p 00000000 00:00 0 
ffe00000-ffe48000 rw-p 00b14000 08:40 30921                              /usr/lib/jvm/java-11-openjdk-amd64/lib/server/classes.jsa
ffe48000-fff00000 rw-p 00000000 00:00 0 
fff00000-fff6c000 rw-p 00aa8000 08:40 30921                              /usr/lib/jvm/java-11-openjdk-amd64/lib/server/classes.jsa
fff6c000-100000000 rw-p 00000000 00:00 0 
800000000-800002000 rwxp 00001000 08:40 30921                            /usr/lib/jvm/java-11-openjdk-amd64/lib/server/classes.jsa
800002000-8003ce000 rw-p 00003000 08:40 30921                            /usr/lib/jvm/java-11-openjdk-amd64/lib/server/classes.jsa
8003ce000-800aa6000 r--p 003cf000 08:40 30921                            /usr/lib/jvm/java-11-openjdk-amd64/lib/server/classes.jsa
800aa6000-800aa7000 rw-p 00aa7000 08:40 30921                            /usr/lib/jvm/java-11-openjdk-amd64/lib/server/classes.jsa
840000000-8402c0000 rw-p 00000000 00:00 0 
8402c0000-880000000 ---p 00000000 00:00 0 
633a80996000-633a80997000 r--p 00000000 08:40 31920                      /usr/lib/jvm/java-11-openjdk-amd64/bin/java
633a80997000-633a80998000 r-xp 00001000 08:40 31920                      /usr/lib/jvm/java-11-openjdk-amd64/bin/java
633a80998000-633a80999000 r--p 00002000 08:40 31920                      /usr/lib/jvm/java-11-openjdk-amd64/bin/java
633a80999000-633a8099a000 r--p 00002000 08:40 31920                      /usr/lib/jvm/java-11-openjdk-amd64/bin/java
633a8099a000-633a8099b000 rw-p 00003000 08:40 31920                      /usr/lib/jvm/java-11-openjdk-amd64/bin/java
633a99dde000-633a99e20000 rw-p 00000000 00:00 0                          [heap]
7319a4000000-7319a43cb000 rw-p 00000000 00:00 0 
7319a43cb000-7319a8000000 ---p 00000000 00:00 0 
7319ac000000-7319ac021000 rw-p 00000000 00:00 0 
7319ac021000-7319b0000000 ---p 00000000 00:00 0 
7319b0000000-7319b0021000 rw-p 00000000 00:00 0 
7319b0021000-7319b4000000 ---p 00000000 00:00 0 
7319b4000000-7319b4021000 rw-p 00000000 00:00 0 
7319b4021000-7319b8000000 ---p 00000000 00:00 0 
7319b8000000-7319b8021000 rw-p 00000000 00:00 0 
7319b8021000-7319bc000000 ---p 00000000 00:00 0 
7319bc000000-7319bc021000 rw-p 00000000 00:00 0 
7319bc021000-7319c0000000 ---p 00000000 00:00 0 
7319c0000000-7319c0021000 rw-p 00000000 00:00 0 
7319c0021000-7319c4000000 ---p 00000000 00:00 0 
7319c4000000-7319c4805000 rw-p 00000000 00:00 0 
7319c4805000-7319c8000000 ---p 00000000 00:00 0 
7319c8000000-7319c82f0000 rw-p 00000000 00:00 0 
7319c82f0000-7319cc000000 ---p 00000000 00:00 0 
7319cc000000-7319cc021000 rw-p 00000000 00:00 0 
7319cc021000-7319d0000000 ---p 00000000 00:00 0 
7319d0000000-7319d0021000 rw-p 00000000 00:00 0 
7319d0021000-7319d4000000 ---p 00000000 00:00 0 
7319d4000000-7319d4021000 rw-p 00000000 00:00 0 
7319d4021000-7319d8000000 ---p 00000000 00:00 0 
7319d8000000-7319d8021000 rw-p 00000000 00:00 0 
7319d8021000-7319dc000000 ---p 00000000 00:00 0 
7319dc000000-7319dc021000 rw-p 00000000 00:00 0 
7319dc021000-7319e0000000 ---p 00000000 00:00 0 
7319e0000000-7319e0021000 rw-p 00000000 00:00 0 
7319e0021000-7319e4000000 ---p 00000000 00:00 0 
7319e4000000-7319e4021000 rw-p 00000000 00:00 0 
7319e4021000-7319e8000000 ---p 00000000 00:00 0 
7319e8000000-7319e8021000 rw-p 00000000 00:00 0 
7319e8021000-7319ec000000 ---p 00000000 00:00 0 
7319ed93c000-7319ed97c000 rw-p 00000000 00:00 0 
7319ed97c000-7319edb3c000 ---p 00000000 00:00 0 
7319edb3c000-7319ee0b6000 rw-p 00000000 00:00 0 
7319ee0b6000-7319ee2b6000 rw-p 00000000 00:00 0 
7319ee2b6000-7319ee4f6000 rw-p 00000000 00:00 0 
7319ee4f6000-7319ee4fa000 ---p 00000000 00:00 0 
7319ee4fa000-7319ee5f7000 rw-p 00000000 00:00 0 
7319ee5f7000-7319ee5f8000 ---p 00000000 00:00 0 
7319ee5f8000-7319ee6f8000 rw-p 00000000 00:00 0 
7319ee6f8000-7319ee6f9000 ---p 00000000 00:00 0 
7319ee6f9000-7319ee7f9000 rw-p 00000000 00:00 0 
7319ee7f9000-7319ee7fd000 ---p 00000000 00:00 0 
7319ee7fd000-7319ee92b000 rw-p 00000000 00:00 0 
7319ee92b000-7319ee92f000 ---p 00000000 00:00 0 
7319ee92f000-7319eea2c000 rw-p 00000000 00:00 0 
7319eea2c000-7319eea2d000 ---p 00000000 00:00 0 
7319eea2d000-7319eeb2d000 rw-p 00000000 00:00 0 
7319eeb2d000-7319eeb31000 ---p 00000000 00:00 0 
7319eeb31000-7319eec2e000 rw-p 00000000 00:00 0 
7319eec2e000-7319eec32000 ---p 00000000 00:00 0 
7319eec32000-7319eed2f000 rw-p 00000000 00:00 0 
7319eed2f000-7319eed33000 ---p 00000000 00:00 0 
7319eed33000-7319eee30000 rw-p 00000000 00:00 0 
7319eee30000-7319eee34000 ---p 00000000 00:00 0 
7319eee34000-7319eef31000 rw-p 00000000 00:00 0 
7319eef31000-7319eef35000 ---p 00000000 00:00 0 
7319eef35000-7319ef032000 rw-p 00000000 00:00 0 
7319ef032000-7319ef087000 r--p 00000000 08:40 154                        /usr/lib/locale/C.UTF-8/LC_CTYPE
7319ef087000-7319ef1fa000 r--p 00000000 08:40 931                        /usr/lib/locale/C.UTF-8/LC_COLLATE
7319ef1fa000-7319ef1fe000 ---p 00000000 00:00 0 
7319ef1fe000-7319ef2fb000 rw-p 00000000 00:00 0 
7319ef2fb000-7319ef2ff000 ---p 00000000 00:00 0 
7319ef2ff000-7319ef3fc000 rw-p 00000000 00:00 0 
7319ef3fc000-7319ef3fd000 ---p 00000000 00:00 0 
7319ef3fd000-7319efcfd000 rw-p 00000000 00:00 0 
7319efcfd000-7319efcfe000 ---p 00000000 00:00 0 
7319efcfe000-7319efdfe000 rw-p 00000000 00:00 0 
7319efdfe000-7319efdff000 ---p 00000000 00:00 0 
7319efdff000-7319f0000000 rw-p 00000000 00:00 0 
7319f0000000-7319f0021000 rw-p 00000000 00:00 0 
7319f0021000-7319f4000000 ---p 00000000 00:00 0 
7319f4000000-7319f63e8000 rw-p 00000000 00:00 0 
7319f63e8000-7319f6ff8000 ---p 00000000 00:00 0 
7319f6ff8000-7319f73e8000 rw-p 00000000 00:00 0 
7319f73e8000-7319f7ff8000 ---p 00000000 00:00 0 
7319f7ff8000-7319f8000000 rw-p 00000000 00:00 0 
7319f8000000-7319f8021000 rw-p 00000000 00:00 0 
7319f8021000-7319fc000000 ---p 00000000 00:00 0 
7319fc01e000-7319fc020000 r--p 00000000 08:40 32068                      /usr/lib/jvm/java-11-openjdk-amd64/lib/libmanagement_ext.so
7319fc020000-7319fc023000 r-xp 00002000 08:40 32068                      /usr/lib/jvm/java-11-openjdk-amd64/lib/libmanagement_ext.so
7319fc023000-7319fc024000 r--p 00005000 08:40 32068                      /usr/lib/jvm/java-11-openjdk-amd64/lib/libmanagement_ext.so
7319fc024000-7319fc025000 ---p 00006000 08:40 32068                      /usr/lib/jvm/java-11-openjdk-amd64/lib/libmanagement_ext.so
7319fc025000-7319fc026000 r--p 00006000 08:40 32068                      /usr/lib/jvm/java-11-openjdk-amd64/lib/libmanagement_ext.so
7319fc026000-7319fc027000 rw-p 00007000 08:40 32068                      /usr/lib/jvm/java-11-openjdk-amd64/lib/libmanagement_ext.so
7319fc027000-7319fc02b000 r--p 00000000 08:40 32070                      /usr/lib/jvm/java-11-openjdk-amd64/lib/libnet.so
7319fc02b000-7319fc039000 r-xp 00004000 08:40 32070                      /usr/lib/jvm/java-11-openjdk-amd64/lib/libnet.so
7319fc039000-7319fc03d000 r--p 00012000 08:40 32070                      /usr/lib/jvm/java-11-openjdk-amd64/lib/libnet.so
7319fc03d000-7319fc03e000 r--p 00015000 08:40 32070                      /usr/lib/jvm/java-11-openjdk-amd64/lib/libnet.so
7319fc03e000-7319fc03f000 rw-p 00016000 08:40 32070                      /usr/lib/jvm/java-11-openjdk-amd64/lib/libnet.so
7319fc03f000-7319fc3c3000 rw-p 00000000 00:00 0 
7319fc3c3000-7319fc3c4000 ---p 00000000 00:00 0 
7319fc3c4000-7319fc4c4000 rw-p 00000000 00:00 0 
7319fc4c4000-7319fc4c5000 ---p 00000000 00:00 0 
7319fc4c5000-7319fc642000 rw-p 00000000 00:00 0 
7319fc642000-7319fc7c4000 ---p 00000000 00:00 0 
7319fc7c4000-7319fc7c5000 rw-p 00000000 00:00 0 
7319fc7c5000-7319fca35000 rwxp 00000000 00:00 0 
7319fca35000-7319fcd55000 ---p 00000000 00:00 0 
7319fcd55000-7319fd075000 rwxp 00000000 00:00 0 
7319fd075000-731a0428d000 ---p 00000000 00:00 0 
731a0428d000-731a044fd000 rwxp 00000000 00:00 0 
731a044fd000-731a0b7c5000 ---p 00000000 00:00 0 
731a0b7c5000-731a14000000 r--s 00000000 08:40 32080                      /usr/lib/jvm/java-11-openjdk-amd64/lib/modules
731a14000000-731a16572000 rw-p 00000000 00:00 0 
731a16572000-731a18000000 ---p 00000000 00:00 0 
731a18003000-731a18006000 r--p 00000000 08:40 32066                      /usr/lib/jvm/java-11-openjdk-amd64/lib/libmanagement.so
731a18006000-731a18007000 r-xp 00003000 08:40 32066                      /usr/lib/jvm/java-11-openjdk-amd64/lib/libmanagement.so
731a18007000-731a18008000 r--p 00004000 08:40 32066                      /usr/lib/jvm/java-11-openjdk-amd64/lib/libmanagement.so
731a18008000-731a18009000 r--p 00004000 08:40 32066                      /usr/lib/jvm/java-11-openjdk-amd64/lib/libmanagement.so
731a18009000-731a1800a000 rw-p 00005000 08:40 32066                      /usr/lib/jvm/java-11-openjdk-amd64/lib/libmanagement.so
731a1800a000-731a18011000 r--p 00000000 08:40 32071                      /usr/lib/jvm/java-11-openjdk-amd64/lib/libnio.so
731a18011000-731a18018000 r-xp 00007000 08:40 32071                      /usr/lib/jvm/java-11-openjdk-amd64/lib/libnio.so
731a18018000-731a1801b000 r--p 0000e000 08:40 32071                      /usr/lib/jvm/java-11-openjdk-amd64/lib/libnio.so
731a1801b000-731a1801c000 r--p 00010000 08:40 32071                      /usr/lib/jvm/java-11-openjdk-amd64/lib/libnio.so
731a1801c000-731a1801d000 rw-p 00011000 08:40 32071                      /usr/lib/jvm/java-11-openjdk-amd64/lib/libnio.so
731a1801d000-731a1801e000 r--p 00000000 08:40 940                        /usr/lib/locale/C.UTF-8/LC_NUMERIC
731a1801e000-731a1801f000 r--p 00000000 08:40 943                        /usr/lib/locale/C.UTF-8/LC_TIME
731a1801f000-731a18020000 r--p 00000000 08:40 938                        /usr/lib/locale/C.UTF-8/LC_MONETARY
731a18020000-731a18021000 r--p 00000000 08:40 937                        /usr/lib/locale/C.UTF-8/LC_MESSAGES/SYS_LC_MESSAGES
731a18021000-731a18022000 r--p 00000000 08:40 941                        /usr/lib/locale/C.UTF-8/LC_PAPER
731a18022000-731a18023000 r--p 00000000 08:40 939                        /usr/lib/locale/C.UTF-8/LC_NAME
731a18023000-731a18024000 r--p 00000000 08:40 930                        /usr/lib/locale/C.UTF-8/LC_ADDRESS
731a18024000-731a18025000 r--p 00000000 08:40 942                        /usr/lib/locale/C.UTF-8/LC_TELEPHONE
731a18025000-731a1802c000 r--s 00000000 08:40 1213                       /usr/lib/x86_64-linux-gnu/gconv/gconv-modules.cache
731a1802c000-731a18191000 rw-p 00000000 00:00 0 
731a18191000-731a18313000 ---p 00000000 00:00 0 
731a18313000-731a18391000 rw-p 00000000 00:00 0 
731a18391000-731a18513000 ---p 00000000 00:00 0 
731a18513000-731a18918000 rw-p 00000000 00:00 0 
731a18918000-731a18919000 ---p 00000000 00:00 0 
731a18919000-731a18a1e000 rw-p 00000000 00:00 0 
731a18a1e000-731a18b04000 ---p 00000000 00:00 0 
731a18b04000-731a18b0b000 rw-p 00000000 00:00 0 
731a18b0b000-731a18bef000 ---p 00000000 00:00 0 
731a18bef000-731a18bf4000 rw-p 00000000 00:00 0 
731a18bf4000-731a18bfb000 ---p 00000000 00:00 0 
731a18bfb000-731a18bfd000 r--p 00000000 08:40 32079                      /usr/lib/jvm/java-11-openjdk-amd64/lib/libzip.so
731a18bfd000-731a18c01000 r-xp 00002000 08:40 32079                      /usr/lib/jvm/java-11-openjdk-amd64/lib/libzip.so
731a18c01000-731a18c03000 r--p 00006000 08:40 32079                      /usr/lib/jvm/java-11-openjdk-amd64/lib/libzip.so
731a18c03000-731a18c04000 r--p 00007000 08:40 32079                      /usr/lib/jvm/java-11-openjdk-amd64/lib/libzip.so
731a18c04000-731a18c05000 rw-p 00008000 08:40 32079                      /usr/lib/jvm/java-11-openjdk-amd64/lib/libzip.so
731a18c05000-731a18c08000 r--p 00000000 08:40 535                        /lib/x86_64-linux-gnu/libnss_files-2.31.so
731a18c08000-731a18c0f000 r-xp 00003000 08:40 535                        /lib/x86_64-linux-gnu/libnss_files-2.31.so
731a18c0f000-731a18c11000 r--p 0000a000 08:40 535                        /lib/x86_64-linux-gnu/libnss_files-2.31.so
731a18c11000-731a18c12000 r--p 0000b000 08:40 535                        /lib/x86_64-linux-gnu/libnss_files-2.31.so
731a18c12000-731a18c13000 rw-p 0000c000 08:40 535                        /lib/x86_64-linux-gnu/libnss_files-2.31.so
731a18c13000-731a18c19000 rw-p 00000000 00:00 0 
731a18c19000-731a18c1a000 r--p 00000000 08:40 935                        /usr/lib/locale/C.UTF-8/LC_MEASUREMENT
731a18c1a000-731a18c22000 rw-s 00000000 08:40 347897                     /tmp/hsperfdata_root/137
731a18c22000-731a18c23000 ---p 00000000 00:00 0 
731a18c23000-731a18c24000 r--p 00000000 00:00 0 
731a18c24000-731a18c32000 r--p 00000000 08:40 32059                      /usr/lib/jvm/java-11-openjdk-amd64/lib/libjava.so
731a18c32000-731a18c47000 r-xp 0000e000 08:40 32059                      /usr/lib/jvm/java-11-openjdk-amd64/lib/libjava.so
731a18c47000-731a18c4e000 r--p 00023000 08:40 32059                      /usr/lib/jvm/java-11-openjdk-amd64/lib/libjava.so
731a18c4e000-731a18c4f000 r--p 00029000 08:40 32059                      /usr/lib/jvm/java-11-openjdk-amd64/lib/libjava.so
731a18c4f000-731a18c50000 rw-p 0002a000 08:40 32059                      /usr/lib/jvm/java-11-openjdk-amd64/lib/libjava.so
731a18c50000-731a18c51000 rw-p 00000000 00:00 0 
731a18c51000-731a18c56000 r--p 00000000 08:40 32078                      /usr/lib/jvm/java-11-openjdk-amd64/lib/libverify.so
731a18c56000-731a18c5d000 r-xp 00005000 08:40 32078                      /usr/lib/jvm/java-11-openjdk-amd64/lib/libverify.so
731a18c5d000-731a18c5f000 r--p 0000c000 08:40 32078                      /usr/lib/jvm/java-11-openjdk-amd64/lib/libverify.so
731a18c5f000-731a18c60000 ---p 0000e000 08:40 32078                      /usr/lib/jvm/java-11-openjdk-amd64/lib/libverify.so
731a18c60000-731a18c62000 r--p 0000e000 08:40 32078                      /usr/lib/jvm/java-11-openjdk-amd64/lib/libverify.so
731a18c62000-731a18c63000 rw-p 00010000 08:40 32078                      /usr/lib/jvm/java-11-openjdk-amd64/lib/libverify.so
731a18c63000-731a18c65000 r--p 00000000 08:40 552                        /lib/x86_64-linux-gnu/librt-2.31.so
731a18c65000-731a18c69000 r-xp 00002000 08:40 552                        /lib/x86_64-linux-gnu/librt-2.31.so
731a18c69000-731a18c6b000 r--p 00006000 08:40 552                        /lib/x86_64-linux-gnu/librt-2.31.so
731a18c6b000-731a18c6c000 r--p 00007000 08:40 552                        /lib/x86_64-linux-gnu/librt-2.31.so
731a18c6c000-731a18c6d000 rw-p 00008000 08:40 552                        /lib/x86_64-linux-gnu/librt-2.31.so
731a18c6d000-731a18c71000 ---p 00000000 00:00 0 
731a18c71000-731a18d6e000 rw-p 00000000 00:00 0 
731a18d6e000-731a18d71000 r--p 00000000 08:40 517                        /lib/x86_64-linux-gnu/libgcc_s.so.1
731a18d71000-731a18d82000 r-xp 00003000 08:40 517                        /lib/x86_64-linux-gnu/libgcc_s.so.1
731a18d82000-731a18d86000 r--p 00014000 08:40 517                        /lib/x86_64-linux-gnu/libgcc_s.so.1
731a18d86000-731a18d87000 r--p 00017000 08:40 517                        /lib/x86_64-linux-gnu/libgcc_s.so.1
731a18d87000-731a18d88000 rw-p 00018000 08:40 517                        /lib/x86_64-linux-gnu/libgcc_s.so.1
731a18d88000-731a18d95000 r--p 00000000 08:40 524                        /lib/x86_64-linux-gnu/libm-2.31.so
731a18d95000-731a18e2f000 r-xp 0000d000 08:40 524                        /lib/x86_64-linux-gnu/libm-2.31.so
731a18e2f000-731a18eca000 r--p 000a7000 08:40 524                        /lib/x86_64-linux-gnu/libm-2.31.so
731a18eca000-731a18ecb000 r--p 00141000 08:40 524                        /lib/x86_64-linux-gnu/libm-2.31.so
731a18ecb000-731a18ecc000 rw-p 00142000 08:40 524                        /lib/x86_64-linux-gnu/libm-2.31.so
731a18ecc000-731a18f62000 r--p 00000000 08:40 1275                       /usr/lib/x86_64-linux-gnu/libstdc++.so.6.0.28
731a18f62000-731a1903e000 r-xp 00096000 08:40 1275                       /usr/lib/x86_64-linux-gnu/libstdc++.so.6.0.28
731a1903e000-731a19088000 r--p 00172000 08:40 1275                       /usr/lib/x86_64-linux-gnu/libstdc++.so.6.0.28
731a19088000-731a19093000 r--p 001bb000 08:40 1275                       /usr/lib/x86_64-linux-gnu/libstdc++.so.6.0.28
731a19093000-731a19096000 rw-p 001c6000 08:40 1275                       /usr/lib/x86_64-linux-gnu/libstdc++.so.6.0.28
731a19096000-731a19099000 rw-p 00000000 00:00 0 
731a19099000-731a1931c000 r--p 00000000 08:40 32085                      /usr/lib/jvm/java-11-openjdk-amd64/lib/server/libjvm.so
731a1931c000-731a19f85000 r-xp 00283000 08:40 32085                      /usr/lib/jvm/java-11-openjdk-amd64/lib/server/libjvm.so
731a19f85000-731a1a1e8000 r--p 00eec000 08:40 32085                      /usr/lib/jvm/java-11-openjdk-amd64/lib/server/libjvm.so
731a1a1e8000-731a1a1e9000 ---p 0114f000 08:40 32085                      /usr/lib/jvm/java-11-openjdk-amd64/lib/server/libjvm.so
731a1a1e9000-731a1a2ad000 r--p 0114f000 08:40 32085                      /usr/lib/jvm/java-11-openjdk-amd64/lib/server/libjvm.so
731a1a2ad000-731a1a2e8000 rw-p 01213000 08:40 32085                      /usr/lib/jvm/java-11-openjdk-amd64/lib/server/libjvm.so
731a1a2e8000-731a1a341000 rw-p 00000000 00:00 0 
731a1a341000-731a1a363000 r--p 00000000 08:40 503                        /lib/x86_64-linux-gnu/libc-2.31.so
731a1a363000-731a1a4bc000 r-xp 00022000 08:40 503                        /lib/x86_64-linux-gnu/libc-2.31.so
731a1a4bc000-731a1a50b000 r--p 0017b000 08:40 503                        /lib/x86_64-linux-gnu/libc-2.31.so
731a1a50b000-731a1a50f000 r--p 001c9000 08:40 503                        /lib/x86_64-linux-gnu/libc-2.31.so
731a1a50f000-731a1a511000 rw-p 001cd000 08:40 503                        /lib/x86_64-linux-gnu/libc-2.31.so
731a1a511000-731a1a515000 rw-p 00000000 00:00 0 
731a1a515000-731a1a516000 r--p 00000000 08:40 511                        /lib/x86_64-linux-gnu/libdl-2.31.so
731a1a516000-731a1a518000 r-xp 00001000 08:40 511                        /lib/x86_64-linux-gnu/libdl-2.31.so
731a1a518000-731a1a519000 r--p 00003000 08:40 511                        /lib/x86_64-linux-gnu/libdl-2.31.so
731a1a519000-731a1a51a000 r--p 00003000 08:40 511                        /lib/x86_64-linux-gnu/libdl-2.31.so
731a1a51a000-731a1a51b000 rw-p 00004000 08:40 511                        /lib/x86_64-linux-gnu/libdl-2.31.so
731a1a51b000-731a1a51e000 r--p 00000000 08:40 32044                      /usr/lib/jvm/java-11-openjdk-amd64/lib/jli/libjli.so
731a1a51e000-731a1a528000 r-xp 00003000 08:40 32044                      /usr/lib/jvm/java-11-openjdk-amd64/lib/jli/libjli.so
731a1a528000-731a1a52b000 r--p 0000d000 08:40 32044                      /usr/lib/jvm/java-11-openjdk-amd64/lib/jli/libjli.so
731a1a52b000-731a1a52c000 ---p 00010000 08:40 32044                      /usr/lib/jvm/java-11-openjdk-amd64/lib/jli/libjli.so
731a1a52c000-731a1a52d000 r--p 00010000 08:40 32044                      /usr/lib/jvm/java-11-openjdk-amd64/lib/jli/libjli.so
731a1a52d000-731a1a52e000 rw-p 00011000 08:40 32044                      /usr/lib/jvm/java-11-openjdk-amd64/lib/jli/libjli.so
731a1a52e000-731a1a534000 r--p 00000000 08:40 548                        /lib/x86_64-linux-gnu/libpthread-2.31.so
731a1a534000-731a1a544000 r-xp 00006000 08:40 548                        /lib/x86_64-linux-gnu/libpthread-2.31.so
731a1a544000-731a1a54a000 r--p 00016000 08:40 548                        /lib/x86_64-linux-gnu/libpthread-2.31.so
731a1a54a000-731a1a54b000 r--p 0001b000 08:40 548                        /lib/x86_64-linux-gnu/libpthread-2.31.so
731a1a54b000-731a1a54c000 rw-p 0001c000 08:40 548                        /lib/x86_64-linux-gnu/libpthread-2.31.so
731a1a54c000-731a1a550000 rw-p 00000000 00:00 0 
731a1a550000-731a1a553000 r--p 00000000 08:40 567                        /lib/x86_64-linux-gnu/libz.so.1.2.11
731a1a553000-731a1a564000 r-xp 00003000 08:40 567                        /lib/x86_64-linux-gnu/libz.so.1.2.11
731a1a564000-731a1a56a000 r--p 00014000 08:40 567                        /lib/x86_64-linux-gnu/libz.so.1.2.11
731a1a56a000-731a1a56b000 ---p 0001a000 08:40 567                        /lib/x86_64-linux-gnu/libz.so.1.2.11
731a1a56b000-731a1a56c000 r--p 0001a000 08:40 567                        /lib/x86_64-linux-gnu/libz.so.1.2.11
731a1a56c000-731a1a56d000 rw-p 0001b000 08:40 567                        /lib/x86_64-linux-gnu/libz.so.1.2.11
731a1a56d000-731a1a56f000 rw-p 00000000 00:00 0 
731a1a56f000-731a1a571000 r--p 00000000 08:40 32062                      /usr/lib/jvm/java-11-openjdk-amd64/lib/libjimage.so
731a1a571000-731a1a574000 r-xp 00002000 08:40 32062                      /usr/lib/jvm/java-11-openjdk-amd64/lib/libjimage.so
731a1a574000-731a1a575000 r--p 00005000 08:40 32062                      /usr/lib/jvm/java-11-openjdk-amd64/lib/libjimage.so
731a1a575000-731a1a576000 ---p 00006000 08:40 32062                      /usr/lib/jvm/java-11-openjdk-amd64/lib/libjimage.so
731a1a576000-731a1a577000 r--p 00006000 08:40 32062                      /usr/lib/jvm/java-11-openjdk-amd64/lib/libjimage.so
731a1a577000-731a1a578000 rw-p 00007000 08:40 32062                      /usr/lib/jvm/java-11-openjdk-amd64/lib/libjimage.so
731a1a578000-731a1a579000 r--p 00000000 08:40 491                        /lib/x86_64-linux-gnu/ld-2.31.so
731a1a579000-731a1a599000 r-xp 00001000 08:40 491                        /lib/x86_64-linux-gnu/ld-2.31.so
731a1a599000-731a1a5a1000 r--p 00021000 08:40 491                        /lib/x86_64-linux-gnu/ld-2.31.so
731a1a5a1000-731a1a5a2000 r--p 00000000 08:40 934                        /usr/lib/locale/C.UTF-8/LC_IDENTIFICATION
731a1a5a2000-731a1a5a3000 r--p 00029000 08:40 491                        /lib/x86_64-linux-gnu/ld-2.31.so
731a1a5a3000-731a1a5a4000 rw-p 0002a000 08:40 491                        /lib/x86_64-linux-gnu/ld-2.31.so
731a1a5a4000-731a1a5a5000 rw-p 00000000 00:00 0 
7ffdf48fc000-7ffdf491d000 rw-p 00000000 00:00 0                          [stack]
7ffdf4939000-7ffdf493d000 r--p 00000000 00:00 0                          [vvar]
7ffdf493d000-7ffdf493f000 r-xp 00000000 00:00 0                          [vdso]


VM Arguments:
jvm_args: -Dspark.history.fs.logDirectory=/tmp/spark-events -Xmx1g 
java_command: org.apache.spark.deploy.history.HistoryServer
java_class_path (initial): /opt/spark/conf/:/opt/spark/jars/ivy-2.5.1.jar:/opt/spark/jars/kubernetes-model-extensions-6.7.2.jar:/opt/spark/jars/commons-compress-1.23.0.jar:/opt/spark/jars/kubernetes-model-common-6.7.2.jar:/opt/spark/jars/spark-tags_2.12-3.5.2.jar:/opt/spark/jars/RoaringBitmap-0.9.45.jar:/opt/spark/jars/metrics-core-4.2.19.jar:/opt/spark/jars/spire-util_2.12-0.17.0.jar:/opt/spark/jars/hive-jdbc-2.3.9.jar:/opt/spark/jars/spire-platform_2.12-0.17.0.jar:/opt/spark/jars/netty-transport-native-epoll-4.1.96.Final-linux-x86_64.jar:/opt/spark/jars/commons-lang-2.6.jar:/opt/spark/jars/arrow-format-12.0.1.jar:/opt/spark/jars/kubernetes-model-gatewayapi-6.7.2.jar:/opt/spark/jars/okio-1.15.0.jar:/opt/spark/jars/spark-network-shuffle_2.12-3.5.2.jar:/opt/spark/jars/metrics-graphite-4.2.19.jar:/opt/spark/jars/jta-1.1.jar:/opt/spark/jars/json-1.8.jar:/opt/spark/jars/commons-compiler-3.1.9.jar:/opt/spark/jars/hive-shims-0.23-2.3.9.jar:/opt/spark/jars/json4s-jackson_2.12-3.7.0-M11.jar:/opt/spark/jars/metrics-jmx-4.2.19.jar:/opt/spark/jars/janino-3.1.9.jar:/opt/spark/jars/arrow-vector-12.0.1.jar:/opt/spark/jars/metrics-jvm-4.2.19.jar:/opt/spark/jars/zookeeper-jute-3.6.3.jar:/opt/spark/jars/javolution-5.5.1.jar:/opt/spark/jars/jpam-1.1.jar:/opt/spark/jars/hive-serde-2.3.9.jar:/opt/spark/jars/pickle-1.3.jar:/opt/spark/jars/jaxb-runtime-2.3.2.jar:/opt/spark/jars/netty-all-4.1.96.Final.jar:/opt/spark/jars/breeze_2.12-2.1.0.jar:/opt/spark/jars/hk2-api-2.6.1.jar:/opt/spark/jars/javassist-3.29.2-GA.jar:/opt/spark/jars/avro-ipc-1.11.2.jar:/opt/spark/jars/kubernetes-model-discovery-6.7.2.jar:/opt/spark/jars/hk2-utils-2.6.1.jar:/opt/spark/jars/spark-network-common_2.12-3.5.2.jar:/opt/spark/jars/hive-metastore-2.3.9.jar:/opt/spark/jars/JLargeArrays-1.5.jar:/opt/spark/jars/oro-2.0.8.jar:/opt/spark/jars/orc-mapreduce-1.9.4-shaded-protobuf.jar:/opt/spark/jars/spark-sql_2.12-3.5.2.jar:/opt/spark/jars/zjsonpatch-0.3.0.jar:/opt/spark/jars/netty-codec-4.1.96.Final.jar:/opt/spark/jars/
Launcher Type: SUN_STANDARD

[Global flags]
     intx CICompilerCount                          = 3                                         {product} {ergonomic}
     uint ConcGCThreads                            = 1                                         {product} {ergonomic}
     uint G1ConcRefinementThreads                  = 4                                         {product} {ergonomic}
   size_t G1HeapRegionSize                         = 1048576                                   {product} {ergonomic}
    uintx GCDrainStackTargetSize                   = 64                                        {product} {ergonomic}
   size_t InitialHeapSize                          = 262144000                                 {product} {ergonomic}
   size_t MarkStackSize                            = 4194304                                   {product} {ergonomic}
   size_t MaxHeapSize                              = 1073741824                                {product} {command line}
   size_t MaxNewSize                               = 643825664                                 {product} {ergonomic}
   size_t MinHeapDeltaBytes                        = 1048576                                   {product} {ergonomic}
    uintx NonNMethodCodeHeapSize                   = 5830732                                {pd product} {ergonomic}
    uintx NonProfiledCodeHeapSize                  = 122913754                              {pd product} {ergonomic}
    uintx ProfiledCodeHeapSize                     = 122913754                              {pd product} {ergonomic}
    uintx ReservedCodeCacheSize                    = 251658240                              {pd product} {ergonomic}
     bool SegmentedCodeCache                       = true                                      {product} {ergonomic}
     bool UseCompressedClassPointers               = true                                 {lp64_product} {ergonomic}
     bool UseCompressedOops                        = true                                 {lp64_product} {ergonomic}
     bool UseG1GC                                  = true                                      {product} {ergonomic}

Logging:
Log output configuration:
 #0: stdout all=warning uptime,level,tags
 #1: stderr all=off uptime,level,tags

Environment Variables:
JAVA_HOME=/usr/lib/jvm/java-11-openjdk-amd64
PATH=/usr/local/sbin:/usr/local/bin:/usr/sbin:/usr/bin:/sbin:/bin:/root/.local/bin
SHELL=/bin/bash
LANG=C.UTF-8
TZ=America/Chicago

Signal Handlers:
SIGSEGV: [libjvm.so+0xe7a620], sa_mask[0]=11111111011111111101111111111110, sa_flags=SA_RESTART|SA_SIGINFO
SIGBUS: [libjvm.so+0xe7a620], sa_mask[0]=11111111011111111101111111111110, sa_flags=SA_RESTART|SA_SIGINFO
SIGFPE: [libjvm.so+0xe7a620], sa_mask[0]=11111111011111111101111111111110, sa_flags=SA_RESTART|SA_SIGINFO
SIGPIPE: [libjvm.so+0xbca5a0], sa_mask[0]=11111111011111111101111111111110, sa_flags=SA_RESTART|SA_SIGINFO
SIGXFSZ: [libjvm.so+0xbca5a0], sa_mask[0]=11111111011111111101111111111110, sa_flags=SA_RESTART|SA_SIGINFO
SIGILL: [libjvm.so+0xe7a620], sa_mask[0]=11111111011111111101111111111110, sa_flags=SA_RESTART|SA_SIGINFO
SIGUSR2: [libjvm.so+0xbca440], sa_mask[0]=00000000000000000000000000000000, sa_flags=SA_RESTART|SA_SIGINFO
SIGHUP: SIG_IGN, sa_mask[0]=00000000000000000000000000000000, sa_flags=none
SIGINT: SIG_IGN, sa_mask[0]=00000000000000000000000000000000, sa_flags=none
SIGTERM: [libjvm.so+0xbcac00], sa_mask[0]=11111111011111111101111111111110, sa_flags=SA_RESTART|SA_SIGINFO
SIGQUIT: [libjvm.so+0xbcac00], sa_mask[0]=11111111011111111101111111111110, sa_flags=SA_RESTART|SA_SIGINFO


---------------  S Y S T E M  ---------------

OS:PRETTY_NAME="Debian GNU/Linux 11 (bullseye)"
NAME="Debian GNU/Linux"
VERSION_ID="11"
VERSION="11 (bullseye)"
VERSION_CODENAME=bullseye
ID=debian
HOME_URL="https://www.debian.org/"
SUPPORT_URL="https://www.debian.org/support"
BUG_REPORT_URL="https://bugs.debian.org/"
uname:Linux 6.6.87.2-microsoft-standard-WSL2 #1 SMP PREEMPT_DYNAMIC Thu Jun  5 18:30:46 UTC 2025 x86_64
OS uptime: 0 days 0:01 hours
libc:glibc 2.31 NPTL 2.31 
rlimit (soft/hard): STACK 8192k/infinity , CORE 0k/infinity , NPROC infinity/infinity , NOFILE 1048576/1048576 , AS infinity/infinity , CPU infinity/infinity , DATA infinity/infinity , FSIZE infinity/infinity , MEMLOCK infinity/infinity
load average:2.16 0.53 0.18

/proc/meminfo:
MemTotal:       16311532 kB
MemFree:        12933236 kB
MemAvailable:   14567632 kB
Buffers:          286284 kB
Cached:          1526876 kB
SwapCached:            0 kB
Active:           567528 kB
Inactive:        2455448 kB
Active(anon):       3928 kB
Inactive(anon):  1223388 kB
Active(file):     563600 kB
Inactive(file):  1232060 kB
Unevictable:           0 kB
Mlocked:               0 kB
SwapTotal:       4194304 kB
SwapFree:        4194304 kB
Dirty:               132 kB
Writeback:             0 kB
AnonPages:       1210316 kB
Mapped:           442972 kB
Shmem:             17100 kB
KReclaimable:      51892 kB
Slab:             109860 kB
SReclaimable:      51892 kB
SUnreclaim:        57968 kB
KernelStack:        9152 kB
PageTables:        11832 kB
SecPageTables:         0 kB
NFS_Unstable:          0 kB
Bounce:                0 kB
WritebackTmp:          0 kB
CommitLimit:    12350068 kB
Committed_AS:    4551796 kB
VmallocTotal:   34359738367 kB
VmallocUsed:       34224 kB
VmallocChunk:          0 kB
Percpu:             2240 kB
HardwareCorrupted:     0 kB
AnonHugePages:         0 kB
ShmemHugePages:        0 kB
ShmemPmdMapped:        0 kB
FileHugePages:         0 kB
FilePmdMapped:         0 kB
Unaccepted:            0 kB
HugePages_Total:       0
HugePages_Free:        0
HugePages_Rsvd:        0
HugePages_Surp:        0
Hugepagesize:       2048 kB
Hugetlb:               0 kB
DirectMap4k:       62464 kB
DirectMap2M:     8257536 kB
DirectMap1G:    17825792 kB

/sys/kernel/mm/transparent_hugepage/enabled:
always [madvise] never
/sys/kernel/mm/transparent_hugepage/defrag (defrag/compaction efforts parameter):
always defer defer+madvise [madvise] never

Process Memory:
Virtual Size: 3956084K (peak: 12437544K)
Resident Set Size: 172808K (peak: 172808K) (anon: 145800K, file: 27008K, shmem: 0K)
Swapped out: 0K
C-Heap outstanding allocations: 63006K, retained: 6357K
glibc malloc tunables: (default)

/proc/sys/kernel/threads-max (system-wide limit on the number of threads):
127355
/proc/sys/vm/max_map_count (maximum number of memory map areas a process may have):
1048576
/proc/sys/kernel/pid_max (system-wide limit on number of process identifiers):
4194304

container (cgroup) information:
container_type: cgroupv2
cpu_cpuset_cpus: not supported
cpu_memory_nodes: not supported
active_processor_count: 4
cpu_quota: no quota
cpu_period: 100000
cpu_shares: no shares
memory_limit_in_bytes: unlimited
memory_and_swap_limit_in_bytes: unlimited
memory_soft_limit_in_bytes: unlimited
memory_usage_in_bytes: 696972 k
memory_max_usage_in_bytes: not supported
memory_swap_current_in_bytes: unlimited
memory_swap_max_limit_in_bytes: unlimited
maximum number of tasks: unlimited
current number of tasks: 84

Hyper-V virtualization detected
Steal ticks since vm start: 0
Steal ticks percentage since vm start:  0.000

CPU:total 4 (initial active 4) (4 cores per cpu, 1 threads per core) family 6 model 60 stepping 3 microcode 0xffffffff, cmov, cx8, fxsr, mmx, sse, sse2, sse3, ssse3, sse4.1, sse4.2, popcnt, avx, avx2, aes, clmul, erms, lzcnt, tsc, bmi1, bmi2, fma
CPU Model and flags from /proc/cpuinfo:
model name	: Intel(R) Core(TM) i5-4670K CPU @ 3.40GHz
flags		: fpu vme de pse tsc msr pae mce cx8 apic sep mtrr pge mca cmov pat pse36 clflush mmx fxsr sse sse2 ss ht syscall nx pdpe1gb rdtscp lm constant_tsc arch_perfmon rep_good nopl xtopology cpuid tsc_known_freq pni pclmulqdq ssse3 fma cx16 pdcm pcid sse4_1 sse4_2 movbe popcnt aes xsave avx f16c rdrand hypervisor lahf_lm abm pti ssbd ibrs ibpb stibp fsgsbase bmi1 avx2 smep bmi2 erms invpcid xsaveopt md_clear flush_l1d arch_capabilities
Online cpus:
0-3
Offline cpus:

BIOS frequency limitation:
<Not Available>
Frequency switch latency (ns):
<Not Available>
Available cpu frequencies:
<Not Available>
Current governor:
<Not Available>
Core performance/turbo boost:
<Not Available>

Memory: 4k page, physical 16311532k(12931976k free), swap 4194304k(4194304k free)

vm_info: OpenJDK 64-Bit Server VM (11.0.26+4-post-Debian-1deb11u1) for linux-amd64 JRE (11.0.26+4-post-Debian-1deb11u1), built on Jan 31 2025 10:48:05 by "unknown" with gcc 10.2.1 20210110

END.
